
> @picro/picro@0.0.1 test
> vitest run


 RUN  v4.1.5 /home/quangtynu/Qcoder/picro

 ❯ src/tui/organisms/modal.test.ts (40 tests | 11 failed) 50ms
       × should render a bordered box 12ms
       × should highlight primary button 2ms
       × should respect requested width 2ms
       × should wrap long message 1ms
       × should move selection left with Left arrow or 'h' 1ms
       × should move selection right with Right arrow or 'l' 1ms
       × should confirm selection on Enter 2ms
       × should call onCancel on Escape 1ms
       × should call onCancel on ctrl+c? 1ms
       × should trigger confirm on first button if Enter at index 0 1ms
       × should call onResult with button value 1ms
 ❯ src/tui/molecules/settings-list.test.ts (29 tests | 8 failed) 51ms
       × should call onClose on Escape 11ms
       × should move selection up 5ms
       × should move selection down 3ms
       × should wrap values when cycling at last value 3ms
       × should show value in brackets with color 2ms
       × should dim non-selected items 1ms
       × should truncate long lines to width 1ms
       × should respect custom theme.value 1ms
 ❯ src/tui/organisms/context-menu.test.ts (27 tests | 10 failed) 53ms
       × should return null if selected item is disabled 15ms
       × should render a bordered box 6ms
       × should apply custom theme 1ms
       × should respect requested width 1ms
       × should move selection up/down 1ms
       × should not select disabled items on navigation? Actually it can select but getSelectedItem returns null 1ms
       × should call onSelect when pressing Enter on enabled item 2ms
       × should call onClose on Escape 1ms
       × should skip disabled items when trying to select? Not required; but getSelectedItem returns null 1ms
       × should handle empty items array 1ms
 ❯ src/tui/molecules/select-list.test.ts (46 tests | 8 failed) 56ms
         × should move up with ArrowUp or k 10ms
         × should append printable characters to filter 1ms
         × should reset selectedIndex when filter changes 2ms
         × should show no match message when filter yields nothing 1ms
       × should show "No matches" when filtered empty 6ms
       × should truncate long labels to width 1ms
       × should handle zero visibleRows 1ms
       × should handle very long filter strings 1ms
 ❯ src/tui/atoms/markdown.test.ts (22 tests | 2 failed) 54ms
       × should render italic text 15ms
       × should render code blocks with syntax highlighting 20ms
 ❯ src/tui/tui.test.ts (63 tests | 3 failed) 87ms
       × should query cell size for images 7ms
       × should schedule render if not already scheduled 2ms
       × should accumulate velocity 8ms
5:08:36 PM [vite] (ssr) warning: Duplicate key "tui.editor.up" in object literal
21 |          'tui.editor.delete': new Set(['\u001b[3~', 'Delete']),
22 |          'tui.editor.escape': new Set(['\u001b', 'Escape', '\x03', 'Ctrl+C']),
23 |          'tui.editor.up': new Set(['\u001b[A', 'ArrowUp']),
   |          ^
24 |          'tui.editor.down': new Set(['\u001b[B', 'ArrowDown']),
25 |          'tui.editor.left': new Set(['\u001b[D', 'ArrowLeft']),

  Plugin: vite:esbuild
  File: /home/quangtynu/Qcoder/picro/src/tui/organisms/editor.test.ts
5:08:36 PM [vite] (ssr) warning: Duplicate key "tui.editor.down" in object literal
22 |          'tui.editor.escape': new Set(['\u001b', 'Escape', '\x03', 'Ctrl+C']),
23 |          'tui.editor.up': new Set(['\u001b[A', 'ArrowUp']),
24 |          'tui.editor.down': new Set(['\u001b[B', 'ArrowDown']),
   |          ^
25 |          'tui.editor.left': new Set(['\u001b[D', 'ArrowLeft']),
26 |          'tui.editor.right': new Set(['\u001b[C', 'ArrowRight']),

  Plugin: vite:esbuild
  File: /home/quangtynu/Qcoder/picro/src/tui/organisms/editor.test.ts
5:08:36 PM [vite] (ssr) warning: Duplicate key "tui.editor.left" in object literal
23 |          'tui.editor.up': new Set(['\u001b[A', 'ArrowUp']),
24 |          'tui.editor.down': new Set(['\u001b[B', 'ArrowDown']),
25 |          'tui.editor.left': new Set(['\u001b[D', 'ArrowLeft']),
   |          ^
26 |          'tui.editor.right': new Set(['\u001b[C', 'ArrowRight']),
27 |          'tui.editor.home': new Set(['\u001b[H', 'Home']),

  Plugin: vite:esbuild
  File: /home/quangtynu/Qcoder/picro/src/tui/organisms/editor.test.ts
5:08:36 PM [vite] (ssr) warning: Duplicate key "tui.editor.right" in object literal
24 |          'tui.editor.down': new Set(['\u001b[B', 'ArrowDown']),
25 |          'tui.editor.left': new Set(['\u001b[D', 'ArrowLeft']),
26 |          'tui.editor.right': new Set(['\u001b[C', 'ArrowRight']),
   |          ^
27 |          'tui.editor.home': new Set(['\u001b[H', 'Home']),
28 |          'tui.editor.end': new Set(['\u001b[F', 'End']),

  Plugin: vite:esbuild
  File: /home/quangtynu/Qcoder/picro/src/tui/organisms/editor.test.ts
 ❯ src/tui/molecules/split-pane.test.ts (34 tests | 6 failed) 33ms
       × should pad child lines appropriately 5ms
       × should move divider right on ArrowRight 5ms
       × should move divider left on ArrowLeft 1ms
       × should move divider down on ArrowDown for vertical 1ms
       × should move divider up on ArrowUp for vertical 2ms
       × should clear caches on both children after move 2ms
 ❯ src/tui/molecules/model-selector.test.ts (18 tests | 3 failed) 27ms
       × should render a bordered box 10ms
       × should format context window in K/M 1ms
       × should truncate long lines 1ms
 ❯ src/tui/organisms/editor.test.ts (25 tests | 10 failed) 33ms
       × should move cursor left with ArrowLeft 7ms
       × should move cursor right with ArrowRight 2ms
       × should handle backspace to delete before cursor 2ms
       × should handle delete to delete after cursor 1ms
       × should insert newline with Enter 1ms
       × should handle Home/End 1ms
       × should call onSubmit when configured 1ms
       × should call onEscape when configured 1ms
       × should render lines with cursor marker when focused 2ms
       × should apply scroll offset 1ms
 ❯ src/tui/molecules/input.test.ts (38 tests | 1 failed) 39ms
       × should respect maxWidth for rendering 9ms
 ❯ src/tui/organisms/login-dialog.test.ts (29 tests | 4 failed) 44ms
       × should add cursor marker when focused and in input stage 14ms
       × should ignore non-printable keys in input stage 2ms
       × should handle unicode in apiKey 2ms
       × should handle narrow width 1ms
 ❯ src/tui/molecules/session-selector.test.ts (26 tests | 2 failed) 36ms
       × should render a bordered box 13ms
       × should limit visible sessions based on height 2ms
 ❯ src/tui/atoms/text.test.ts (33 tests | 2 failed) 35ms
       × should handle zero width gracefully 11ms
       × should combine multiple styles 3ms
 ❯ src/tui/molecules/memory-panel.test.ts (16 tests | 7 failed) 30ms
       × should build SelectList items from memories 13ms
       × should truncate long content 1ms
       × should handle memory with missing score 1ms
       × should handle memory with missing metadata 1ms
       × should handle very long content 1ms
       × should handle unicode content 0ms
       × should handle maxDisplay larger than memories 1ms
 ❯ src/tui/molecules/extension-editor.test.ts (23 tests | 4 failed) 45ms
       × should render a bordered box 14ms
       × should not show cursor marker when not focused 3ms
       × should fill remaining vertical space 3ms
       × should handle backspace 3ms
 ❯ src/tui/molecules/tree-selector.test.ts (19 tests | 7 failed) 35ms
       × should flatten tree respecting expandedDirs 11ms
       × should indent children with spaces 2ms
       × should show selected with ▶ prefix 1ms
       × should call onSelect on Enter 2ms
       × should call onCancel on Escape 1ms
       × should clear any stored cache 3ms
       × should handle deep nesting 1ms
 ❯ src/tui/atoms/terminal.test.ts (35 tests | 7 failed) 1044ms
       × should write correct escape sequence 11ms
       × should write clear from cursor escape 2ms
       × should send query and return promise 505ms
       × should reject on invalid response 503ms
       × should destroy stdin buffer 1ms
       × should handle large terminal dimensions 1ms
       × should handle empty writes 1ms
 ❯ src/tui/atoms/stdin-buffer.test.ts (10 tests | 2 failed) 38ms
       × should flush buffer on timeout 16ms
       × should clear buffer on destroy 2ms
 ❯ src/tui/molecules/tree-view.test.ts (46 tests | 10 failed) 46ms
       × should recalculate depth correctly 13ms
       × should move scroll down when selectedIndex below viewport 1ms
       × should move selection down 1ms
       × should page up 1ms
       × should page down 1ms
       × should expand with Right arrow if collapsed 2ms
       × should collapse with Left arrow if expanded 1ms
       × should move to parent with Left arrow if collapsed and has children 1ms
       × should deserialize and restore state 1ms
       × should handle deep nesting 2ms
 ❯ src/tui/atoms/progress-bar.test.ts (31 tests | 2 failed) 37ms
       × should apply label color 12ms
       × should reset color at end 4ms
 ❯ src/tui/atoms/terminal-image.test.ts (17 tests | 5 failed) 34ms
       × should detect Kitty terminal 14ms
       × should detect iTerm2 2ms
       × should detect WezTerm 4ms
       × should cache capabilities 4ms
       × should reset cache on resetCapabilitiesCache 1ms
 ❯ src/tui/molecules/settings-selector.test.ts (18 tests | 2 failed) 45ms
       × should render a bordered box 16ms
       × should limit visible items by height 3ms
 ❯ src/tui/atoms/internal-utils.test.ts (27 tests | 3 failed) 26ms
       × should handle multiple ANSI codes 8ms
       × should extract substring by visible columns 2ms
       × should skip zero-width chars 1ms
 ❯ src/tui/molecules/oauth-selector.test.ts (11 tests | 1 failed) 29ms
       × should render a bordered box 12ms
 ❯ src/tui/organisms/debug-panel.test.ts (17 tests | 5 failed) 33ms
       × should keep only last N rounds based on height 8ms
       × should render a bordered box 5ms
       × should show run metrics when showRun=true and data present 1ms
       × should respect width 1ms
       × should handle zero width context 1ms
 ❯ src/tui/interactive-mode.extra.test.ts (13 tests | 2 failed) 39ms
       × should handle command palette on Ctrl+P 7ms
       × should show thinking selector on Ctrl+T 3ms
 ❯ src/tui/molecules/session-selector-search.test.ts (11 tests | 1 failed) 28ms
       × should filter results based on searchQuery 12ms
 ❯ src/tui/atoms/stepper.test.ts (18 tests | 1 failed) 31ms
       × should handle empty steps 13ms
 ❯ src/tui/atoms/bash-execution-message.test.ts (9 tests | 4 failed) 27ms
       × should show spinner when running 11ms
       × should show exit code when complete 2ms
       × should indicate truncation if truncated 2ms
       × should pad lines to full width 4ms
 ❯ src/tui/molecules/scoped-models-selector.test.ts (8 tests | 2 failed) 25ms
       × should truncate long model names 6ms
       × should navigate and select 4ms
 ❯ src/tui/atoms/table.test.ts (8 tests | 2 failed) 24ms
       × should render rows with aligned columns 11ms
       × should include headers if provided 2ms
 ❯ src/tui/atoms/flex.test.ts (11 tests | 1 failed) 35ms
       × should pad shorter children with empty lines 14ms
 ❯ src/tui/atoms/diff.test.ts (17 tests | 2 failed) 29ms
     × should identify context lines 10ms
     × should include line numbers when showLineNumbers true 2ms
 ❯ src/tui/atoms/divider.test.ts (4 tests | 3 failed) 23ms
     × should respect width 7ms
     × should accept custom character 5ms
     × should render empty line when width=0 4ms
 ❯ src/tui/atoms/i18n.test.ts (11 tests | 2 failed) 32ms
       × should add new locale 11ms
       × should support positional arguments 2ms
 ❯ src/tui/atoms/keys.test.ts (24 tests | 1 failed) 27ms
       × should not misinterpret other control codes 12ms
 ❯ src/tui/atoms/auth-selector-status.test.ts (6 tests | 1 failed) 21ms
       × should show email if provided 10ms
 ❯ src/tui/organisms/thinking-selector.test.ts (11 tests | 1 failed) 23ms
       × should trigger onSelect through selectList 8ms
 ❯ src/tui/atoms/skill-invocation-message.test.ts (6 tests | 1 failed) 19ms
       × should render bordered box 10ms
 ❯ src/tui/atoms/autocomplete.test.ts (11 tests | 2 failed) 29ms
       × should return empty if directory does not exist 6ms
       × should return files in directory if query ends with / 2ms
 ❯ src/tui/atoms/fuzzy.test.ts (8 tests | 3 failed) 24ms
     × should match exact string 12ms
     × should match subsequence 2ms
     × should return matches indices 2ms
 ❯ src/tui/atoms/custom-message.test.ts (12 tests | 1 failed) 29ms
       × should handle array content with text type 14ms
 ❯ src/tui/atoms/grid.test.ts (10 tests | 2 failed) 25ms
       × should arrange children in a single row for one column 12ms
       × should add row gap between rows 2ms
 ❯ src/tui/molecules/config-selector.test.ts (13 tests | 1 failed) 25ms
       × should handle long values 7ms
 ❯ src/tui/atoms/layout-inspector.test.ts (4 tests | 1 failed) 15ms
     × should truncate long stats lines 6ms
 ❯ src/tui/atoms/earendil-announcement.test.ts (3 tests | 1 failed) 13ms
     × should adjust width based on context 6ms
 ❯ src/tui/molecules/index.test.ts (7 tests | 1 failed) 12ms
     × should export Loader 6ms
 ❯ src/tui/atoms/index.test.ts (8 tests | 2 failed) 16ms
     × should export Terminal interface 6ms
     × should export Input 1ms
file:///home/quangtynu/node_modules/@vitest/utils/dist/serialize.js:48
	if (typeof Buffer !== "undefined" && val instanceof Buffer) {
	                                         ^

TypeError: Right-hand side of 'instanceof' is not callable
    at serializeValue (file:///home/quangtynu/node_modules/@vitest/utils/dist/serialize.js:48:43)
    at catchError (file:///home/quangtynu/node_modules/vitest/dist/chunks/init.D98-gwRW.js:106:17)
    at process.uncaughtException (file:///home/quangtynu/node_modules/vitest/dist/chunks/init.D98-gwRW.js:113:35)
    at process.emit (node:events:508:28)
    at process.emit (/home/quangtynu/node_modules/vitest/suppress-warnings.cjs:21:18)
    at process._fatalException (node:internal/process/execution:159:25)

Node.js v24.14.0

⎯⎯⎯⎯⎯⎯ Failed Tests 163 ⎯⎯⎯⎯⎯⎯

 FAIL  src/tui/interactive-mode.extra.test.ts > InteractiveMode Additional > command palette > should handle command palette on Ctrl+P
TypeError: mode.handleCommandPalette is not a function
 ❯ src/tui/interactive-mode.extra.test.ts:120:12
    118|   describe('command palette', () => {
    119|     it('should handle command palette on Ctrl+P', () => {
    120|       mode.handleCommandPalette();
       |            ^
    121|       // showPanel called
    122|       expect(tui.showPanel).toHaveBeenCalled();

⎯⎯⎯⎯⎯⎯⎯⎯⎯⎯⎯⎯⎯⎯⎯⎯⎯⎯⎯⎯⎯⎯[1/163]⎯

 FAIL  src/tui/interactive-mode.extra.test.ts > InteractiveMode Additional > thinking selector > should show thinking selector on Ctrl+T
AssertionError: expected "vi.fn()" to be called at least once
 ❯ src/tui/interactive-mode.extra.test.ts:129:29
    127|     it('should show thinking selector on Ctrl+T', () => {
    128|       mode.handleThinkingSelector();
    129|       expect(tui.showPanel).toHaveBeenCalled();
       |                             ^
    130|     });
    131|   });

⎯⎯⎯⎯⎯⎯⎯⎯⎯⎯⎯⎯⎯⎯⎯⎯⎯⎯⎯⎯⎯⎯[2/163]⎯

 FAIL  src/tui/tui.test.ts > TerminalUI > start() > should query cell size for images
AssertionError: expected "vi.fn()" to be called at least once
 ❯ src/tui/tui.test.ts:130:42
    128|     it('should query cell size for images', () => {
    129|       tui.start();
    130|       expect(mockTerminal.queryCellSize).toHaveBeenCalled();
       |                                          ^
    131|     });
    132|

⎯⎯⎯⎯⎯⎯⎯⎯⎯⎯⎯⎯⎯⎯⎯⎯⎯⎯⎯⎯⎯⎯[3/163]⎯

 FAIL  src/tui/tui.test.ts > TerminalUI > requestRender() > should schedule render if not already scheduled
AssertionError: expected undefined to be defined
 ❯ src/tui/tui.test.ts:192:34
    190|     it('should schedule render if not already scheduled', () => {
    191|       tui.requestRender();
    192|       expect(tui['renderTimer']).toBeDefined();
       |                                  ^
    193|     });
    194|

⎯⎯⎯⎯⎯⎯⎯⎯⎯⎯⎯⎯⎯⎯⎯⎯⎯⎯⎯⎯⎯⎯[4/163]⎯

 FAIL  src/tui/tui.test.ts > TerminalUI > handleWheelScroll() / inertial scrolling > should accumulate velocity
AssertionError: expected -0.92 to be -1 // Object.is equality

- Expected
+ Received

- -1
+ -0.92

 ❯ src/tui/tui.test.ts:372:44
    370|     it('should accumulate velocity', () => {
    371|       tui.handleWheelScroll(-1);
    372|       expect(tui['inertiaScrollVelocity']).toBe(-1);
       |                                            ^
    373|     });
    374|

⎯⎯⎯⎯⎯⎯⎯⎯⎯⎯⎯⎯⎯⎯⎯⎯⎯⎯⎯⎯⎯⎯[5/163]⎯

 FAIL  src/tui/molecules/config-selector.test.ts > ConfigSelector > edge cases > should handle long values
RangeError: Invalid count value: -161
 ❯ ConfigSelector.draw src/tui/molecules/config-selector.ts:49:35
     47|       const prefix = isSelected ? '▶ ' : '  ';
     48|       const line = prefix + item.key + ' = ' + String(item.value);
     49|       lines.push('│' + line + ' '.repeat(borderWidth - line.length) + …
       |                                   ^
     50|     }
     51|
 ❯ src/tui/molecules/config-selector.test.ts:123:31

⎯⎯⎯⎯⎯⎯⎯⎯⎯⎯⎯⎯⎯⎯⎯⎯⎯⎯⎯⎯⎯⎯[6/163]⎯

 FAIL  src/tui/molecules/extension-editor.test.ts > ExtensionEditor > draw() > should render a bordered box
AssertionError: expected false to be true // Object.is equality

- Expected
+ Received

- true
+ false

 ❯ src/tui/molecules/extension-editor.test.ts:69:57
     67|       const result = editor.draw(defaultContext);
     68|       expect(result[0].startsWith('┌')).toBe(true);
     69|       expect(result[result.length - 1].startsWith('┘')).toBe(true);
       |                                                         ^
     70|     });
     71|

⎯⎯⎯⎯⎯⎯⎯⎯⎯⎯⎯⎯⎯⎯⎯⎯⎯⎯⎯⎯⎯⎯[7/163]⎯

 FAIL  src/tui/molecules/extension-editor.test.ts > ExtensionEditor > draw() > should not show cursor marker when not focused
AssertionError: expected false to be true // Object.is equality

- Expected
+ Received

- true
+ false

 ❯ src/tui/molecules/extension-editor.test.ts:93:63
     91|       editor.isFocused = false;
     92|       const result = editor.draw(defaultContext);
     93|       expect(result.every(l => !l.includes('\x1b_pi:c\x07'))).toBe(tru…
       |                                                               ^
     94|     });
     95|

⎯⎯⎯⎯⎯⎯⎯⎯⎯⎯⎯⎯⎯⎯⎯⎯⎯⎯⎯⎯⎯⎯[8/163]⎯

 FAIL  src/tui/molecules/extension-editor.test.ts > ExtensionEditor > draw() > should fill remaining vertical space
AssertionError: expected 32 to be 30 // Object.is equality

- Expected
+ Received

- 30
+ 32

 ❯ src/tui/molecules/extension-editor.test.ts:108:29
    106|     it('should fill remaining vertical space', () => {
    107|       const result = editor.draw({ ...defaultContext, height: 30 });
    108|       expect(result.length).toBe(30);
       |                             ^
    109|     });
    110|

⎯⎯⎯⎯⎯⎯⎯⎯⎯⎯⎯⎯⎯⎯⎯⎯⎯⎯⎯⎯⎯⎯[9/163]⎯

 FAIL  src/tui/molecules/extension-editor.test.ts > ExtensionEditor > handleKey() > should handle backspace
AssertionError: expected 'Hell\nWorld' to be 'Hello\nWorld' // Object.is equality

- Expected
+ Received

- Hello
+ Hell
  World

 ❯ src/tui/molecules/extension-editor.test.ts:149:33
    147|       editor['cursorCol'] = 5;
    148|       editor.handleKey(createKeyEvent('\x7f'));
    149|       expect(editor['content']).toBe('Hello\nWorld');
       |                                 ^
    150|     });
    151|

⎯⎯⎯⎯⎯⎯⎯⎯⎯⎯⎯⎯⎯⎯⎯⎯⎯⎯⎯⎯⎯[10/163]⎯

 FAIL  src/tui/molecules/index.test.ts > molecules/index.ts exports > should export Loader
AssertionError: expected undefined to be defined
 ❯ src/tui/molecules/index.test.ts:23:30
     21|
     22|   it('should export Loader', () => {
     23|     expect(Molecules.Loader).toBeDefined();
       |                              ^
     24|   });
     25|

⎯⎯⎯⎯⎯⎯⎯⎯⎯⎯⎯⎯⎯⎯⎯⎯⎯⎯⎯⎯⎯[11/163]⎯

 FAIL  src/tui/molecules/input.test.ts > Input > draw() > should respect maxWidth for rendering
AssertionError: expected 12 to be less than or equal to 7
 ❯ src/tui/molecules/input.test.ts:152:32
    150|       const result = input.draw(defaultContext);
    151|       // The rendered line should be truncated
    152|       expect(result[0].length).toBeLessThanOrEqual(7); // some margin
       |                                ^
    153|     });
    154|

⎯⎯⎯⎯⎯⎯⎯⎯⎯⎯⎯⎯⎯⎯⎯⎯⎯⎯⎯⎯⎯[12/163]⎯

 FAIL  src/tui/molecules/memory-panel.test.ts > MemoryPanel > constructor > should build SelectList items from memories
AssertionError: expected [] to have a length of 3 but got +0

- Expected
+ Received

- 3
+ 0

 ❯ src/tui/molecules/memory-panel.test.ts:51:21
     49|       panel = new MemoryPanel({ memories, maxDisplay: 5 });
     50|       const items = panel['items'];
     51|       expect(items).toHaveLength(3); // all memories included
       |                     ^
     52|       expect(items[0].value).toBe('1');
     53|       expect(items[0].label).toContain('90%'); // score * 100

⎯⎯⎯⎯⎯⎯⎯⎯⎯⎯⎯⎯⎯⎯⎯⎯⎯⎯⎯⎯⎯[13/163]⎯

 FAIL  src/tui/molecules/memory-panel.test.ts > MemoryPanel > constructor > should truncate long content
TypeError: Cannot read properties of undefined (reading 'label')
 ❯ src/tui/molecules/memory-panel.test.ts:59:39
     57|     it('should truncate long content', () => {
     58|       panel = new MemoryPanel({ memories, maxDisplay: 1 });
     59|       const label = panel['items'][0].label;
       |                                       ^
     60|       // The third memory content should be truncated
     61|       expect(label).toContain('...');

⎯⎯⎯⎯⎯⎯⎯⎯⎯⎯⎯⎯⎯⎯⎯⎯⎯⎯⎯⎯⎯[14/163]⎯

 FAIL  src/tui/molecules/memory-panel.test.ts > MemoryPanel > edge cases > should handle memory with missing score
TypeError: Cannot read properties of undefined (reading 'label')
 ❯ src/tui/molecules/memory-panel.test.ts:116:39
    114|       const memWithoutScore: MemoryEntry[] = [{ id: 'x', content: 'No …
    115|       panel = new MemoryPanel({ memories: memWithoutScore });
    116|       const label = panel['items'][0].label;
       |                                       ^
    117|       expect(label).not.toContain('%');
    118|     });

⎯⎯⎯⎯⎯⎯⎯⎯⎯⎯⎯⎯⎯⎯⎯⎯⎯⎯⎯⎯⎯[15/163]⎯

 FAIL  src/tui/molecules/memory-panel.test.ts > MemoryPanel > edge cases > should handle memory with missing metadata
TypeError: Cannot read properties of undefined (reading 'label')
 ❯ src/tui/molecules/memory-panel.test.ts:123:39
    121|       const memWithoutMeta: MemoryEntry[] = [{ id: 'x', content: 'No m…
    122|       panel = new MemoryPanel({ memories: memWithoutMeta });
    123|       const label = panel['items'][0].label;
       |                                       ^
    124|       expect(label).not.toContain('[');
    125|     });

⎯⎯⎯⎯⎯⎯⎯⎯⎯⎯⎯⎯⎯⎯⎯⎯⎯⎯⎯⎯⎯[16/163]⎯

 FAIL  src/tui/molecules/memory-panel.test.ts > MemoryPanel > edge cases > should handle very long content
TypeError: Cannot read properties of undefined (reading 'label')
 ❯ src/tui/molecules/memory-panel.test.ts:131:32
    129|       const mem: MemoryEntry[] = [{ id: 'x', content: longContent }];
    130|       panel = new MemoryPanel({ memories: mem, maxDisplay: 1 });
    131|       expect(panel['items'][0].label.length).toBeLessThan(100); // tru…
       |                                ^
    132|     });
    133|

⎯⎯⎯⎯⎯⎯⎯⎯⎯⎯⎯⎯⎯⎯⎯⎯⎯⎯⎯⎯⎯[17/163]⎯

 FAIL  src/tui/molecules/memory-panel.test.ts > MemoryPanel > edge cases > should handle unicode content
TypeError: Cannot read properties of undefined (reading 'label')
 ❯ src/tui/molecules/memory-panel.test.ts:137:32
    135|       const unicodeMem: MemoryEntry[] = [{ id: 'x', content: '😀😁😂' …
    136|       panel = new MemoryPanel({ memories: unicodeMem });
    137|       expect(panel['items'][0].label).toContain('😀');
       |                                ^
    138|     });
    139|

⎯⎯⎯⎯⎯⎯⎯⎯⎯⎯⎯⎯⎯⎯⎯⎯⎯⎯⎯⎯⎯[18/163]⎯

 FAIL  src/tui/molecules/memory-panel.test.ts > MemoryPanel > edge cases > should handle maxDisplay larger than memories
AssertionError: expected [] to have a length of 3 but got +0

- Expected
+ Received

- 3
+ 0

 ❯ src/tui/molecules/memory-panel.test.ts:142:30
    140|     it('should handle maxDisplay larger than memories', () => {
    141|       panel = new MemoryPanel({ memories, maxDisplay: 100 });
    142|       expect(panel['items']).toHaveLength(memories.length);
       |                              ^
    143|     });
    144|   });

⎯⎯⎯⎯⎯⎯⎯⎯⎯⎯⎯⎯⎯⎯⎯⎯⎯⎯⎯⎯⎯[19/163]⎯

 FAIL  src/tui/molecules/model-selector.test.ts > ModelSelector > draw() > should render a bordered box
AssertionError: expected false to be true // Object.is equality

- Expected
+ Received

- true
+ false

 ❯ src/tui/molecules/model-selector.test.ts:63:57
     61|       const result = selector.draw(defaultContext);
     62|       expect(result[0].startsWith('┌')).toBe(true);
     63|       expect(result[result.length - 1].startsWith('┘')).toBe(true);
       |                                                         ^
     64|     });
     65|

⎯⎯⎯⎯⎯⎯⎯⎯⎯⎯⎯⎯⎯⎯⎯⎯⎯⎯⎯⎯⎯[20/163]⎯

 FAIL  src/tui/molecules/model-selector.test.ts > ModelSelector > draw() > should format context window in K/M
AssertionError: expected false to be true // Object.is equality

- Expected
+ Received

- true
+ false

 ❯ src/tui/molecules/model-selector.test.ts:81:50
     79|       const result = selector.draw(defaultContext);
     80|       expect(result.some(l => l.includes('200K'))).toBe(true);
     81|       expect(result.some(l => l.includes('8K'))).toBe(true);
       |                                                  ^
     82|     });
     83|

⎯⎯⎯⎯⎯⎯⎯⎯⎯⎯⎯⎯⎯⎯⎯⎯⎯⎯⎯⎯⎯[21/163]⎯

 FAIL  src/tui/molecules/model-selector.test.ts > ModelSelector > draw() > should truncate long lines
RangeError: Invalid count value: -11
 ❯ ModelSelector.draw src/tui/molecules/model-selector.ts:63:34
     61|     lines.push('├' + '─'.repeat(borderWidth) + '┤');
     62|     const help = '↑↓ navigate  Enter select  Esc cancel';
     63|     lines.push('│ ' + help + ' '.repeat(borderWidth - help.length - 2)…
       |                                  ^
     64|     lines.push('└' + '─'.repeat(borderWidth) + '┘');
     65|
 ❯ src/tui/molecules/model-selector.test.ts:100:31

⎯⎯⎯⎯⎯⎯⎯⎯⎯⎯⎯⎯⎯⎯⎯⎯⎯⎯⎯⎯⎯[22/163]⎯

 FAIL  src/tui/molecules/oauth-selector.test.ts > OAuthSelector > draw() > should render a bordered box
AssertionError: expected false to be true // Object.is equality

- Expected
+ Received

- true
+ false

 ❯ src/tui/molecules/oauth-selector.test.ts:61:57
     59|       const result = selector.draw(defaultContext);
     60|       expect(result[0].startsWith('┌')).toBe(true);
     61|       expect(result[result.length - 1].startsWith('┘')).toBe(true);
       |                                                         ^
     62|     });
     63|

⎯⎯⎯⎯⎯⎯⎯⎯⎯⎯⎯⎯⎯⎯⎯⎯⎯⎯⎯⎯⎯[23/163]⎯

 FAIL  src/tui/molecules/scoped-models-selector.test.ts > ScopedModelsSelector > draw() > should truncate long model names
RangeError: Invalid count value: -6
 ❯ ScopedModelsSelector.draw src/tui/molecules/scoped-models-selector.ts:52:35
     50|       const scope = '[' + model.scope + ']';
     51|       const line = prefix + scope + ' ' + truncateText(model.name, 25);
     52|       lines.push('│' + line + ' '.repeat(borderWidth - line.length) + …
       |                                   ^
     53|     }
     54|
 ❯ src/tui/molecules/scoped-models-selector.test.ts:67:31

⎯⎯⎯⎯⎯⎯⎯⎯⎯⎯⎯⎯⎯⎯⎯⎯⎯⎯⎯⎯⎯[24/163]⎯

 FAIL  src/tui/molecules/scoped-models-selector.test.ts > ScopedModelsSelector > handleKey() > should navigate and select
AssertionError: expected "vi.fn()" to be called with arguments: [ { id: 'm2', name: 'Model 2', …(2) } ]

Number of calls: 0

 ❯ src/tui/molecules/scoped-models-selector.test.ts:86:24
     84|       expect(selector['selectedIndex']).toBe(1);
     85|       selector.handleKey('\r');
     86|       expect(onSelect).toHaveBeenCalledWith(models[1]);
       |                        ^
     87|     });
     88|

⎯⎯⎯⎯⎯⎯⎯⎯⎯⎯⎯⎯⎯⎯⎯⎯⎯⎯⎯⎯⎯[25/163]⎯

 FAIL  src/tui/molecules/select-list.test.ts > SelectList > handleKey() > navigation > should move up with ArrowUp or k
AssertionError: expected +0 to be 4 // Object.is equality

- Expected
+ Received

- 4
+ 0

 ❯ src/tui/molecules/select-list.test.ts:183:45
    181|       it('should move up with ArrowUp or k', () => {
    182|         selectList.handleKey(createKeyEvent('[A', 'up'));
    183|         expect(selectList['selectedIndex']).toBe(4); // wraps? actuall…
       |                                             ^
    184|         // In SelectList, pressing up from 0 stays at 0
    185|         selectList['selectedIndex'] = 2;

⎯⎯⎯⎯⎯⎯⎯⎯⎯⎯⎯⎯⎯⎯⎯⎯⎯⎯⎯⎯⎯[26/163]⎯

 FAIL  src/tui/molecules/select-list.test.ts > SelectList > handleKey() > filtering > should append printable characters to filter
AssertionError: expected '' to be 'a' // Object.is equality

- Expected
+ Received

- a

 ❯ src/tui/molecules/select-list.test.ts:256:38
    254|       it('should append printable characters to filter', () => {
    255|         selectList.handleKey(createKeyEvent('a'));
    256|         expect(selectList['filter']).toBe('a');
       |                                      ^
    257|       });
    258|

⎯⎯⎯⎯⎯⎯⎯⎯⎯⎯⎯⎯⎯⎯⎯⎯⎯⎯⎯⎯⎯[27/163]⎯

 FAIL  src/tui/molecules/select-list.test.ts > SelectList > handleKey() > filtering > should reset selectedIndex when filter changes
AssertionError: expected 3 to be +0 // Object.is equality

- Expected
+ Received

- 0
+ 3

 ❯ src/tui/molecules/select-list.test.ts:262:45
    260|         selectList['selectedIndex'] = 3;
    261|         selectList.handleKey(createKeyEvent('a'));
    262|         expect(selectList['selectedIndex']).toBe(0);
       |                                             ^
    263|       });
    264|

⎯⎯⎯⎯⎯⎯⎯⎯⎯⎯⎯⎯⎯⎯⎯⎯⎯⎯⎯⎯⎯[28/163]⎯

 FAIL  src/tui/molecules/select-list.test.ts > SelectList > handleKey() > filtering > should show no match message when filter yields nothing
AssertionError: expected false to be true // Object.is equality

- Expected
+ Received

- true
+ false

 ❯ src/tui/molecules/select-list.test.ts:275:66
    273|         selectList.handleKey(createKeyEvent('z'));
    274|         const result = selectList.draw(defaultContext);
    275|         expect(result.some(line => line.includes('No matches'))).toBe(…
       |                                                                  ^
    276|       });
    277|

⎯⎯⎯⎯⎯⎯⎯⎯⎯⎯⎯⎯⎯⎯⎯⎯⎯⎯⎯⎯⎯[29/163]⎯

 FAIL  src/tui/molecules/select-list.test.ts > SelectList > draw() > should show "No matches" when filtered empty
AssertionError: expected '\u001b[36m> \u001b[0mApple       ' to contain 'No matches'

Expected: "No matches"
Received: "[36m> [0mApple       "

 ❯ src/tui/molecules/select-list.test.ts:331:25
    329|       selectList.handleKey(createKeyEvent('xyz'));
    330|       const result = selectList.draw(defaultContext);
    331|       expect(result[0]).toContain('No matches');
       |                         ^
    332|     });
    333|

⎯⎯⎯⎯⎯⎯⎯⎯⎯⎯⎯⎯⎯⎯⎯⎯⎯⎯⎯⎯⎯[30/163]⎯

 FAIL  src/tui/molecules/select-list.test.ts > SelectList > draw() > should truncate long labels to width
AssertionError: expected 22 to be less than or equal to 20
 ❯ src/tui/molecules/select-list.test.ts:347:32
    345|       selectList = new SelectList(longItems, 1);
    346|       const result = selectList.draw({ ...defaultContext, width: 20 });
    347|       expect(result[0].length).toBeLessThanOrEqual(20);
       |                                ^
    348|     });
    349|   });

⎯⎯⎯⎯⎯⎯⎯⎯⎯⎯⎯⎯⎯⎯⎯⎯⎯⎯⎯⎯⎯[31/163]⎯

 FAIL  src/tui/molecules/select-list.test.ts > SelectList > edge cases > should handle zero visibleRows
AssertionError: expected [ '[1-0/5]' ] to have a length of +0 but got 1

- Expected
+ Received

- 0
+ 1

 ❯ src/tui/molecules/select-list.test.ts:372:22
    370|       selectList = new SelectList(items, 0);
    371|       const result = selectList.draw(defaultContext);
    372|       expect(result).toHaveLength(0);
       |                      ^
    373|     });
    374|

⎯⎯⎯⎯⎯⎯⎯⎯⎯⎯⎯⎯⎯⎯⎯⎯⎯⎯⎯⎯⎯[32/163]⎯

 FAIL  src/tui/molecules/select-list.test.ts > SelectList > edge cases > should handle very long filter strings
AssertionError: expected +0 to be 100 // Object.is equality

- Expected
+ Received

- 100
+ 0

 ❯ src/tui/molecules/select-list.test.ts:386:43
    384|         selectList.handleKey(createKeyEvent('a'));
    385|       }
    386|       expect(selectList['filter'].length).toBe(100);
       |                                           ^
    387|     });
    388|

⎯⎯⎯⎯⎯⎯⎯⎯⎯⎯⎯⎯⎯⎯⎯⎯⎯⎯⎯⎯⎯[33/163]⎯

 FAIL  src/tui/molecules/session-selector-search.test.ts > SessionSearchSelector > draw() > should filter results based on searchQuery
AssertionError: expected true to be false // Object.is equality

- Expected
+ Received

- false
+ true

 ❯ src/tui/molecules/session-selector-search.test.ts:69:52
     67|       const result = selector.draw(defaultContext);
     68|       expect(result.some(l => l.includes('Alpha'))).toBe(true);
     69|       expect(result.some(l => l.includes('Beta'))).toBe(false);
       |                                                    ^
     70|     });
     71|   });

⎯⎯⎯⎯⎯⎯⎯⎯⎯⎯⎯⎯⎯⎯⎯⎯⎯⎯⎯⎯⎯[34/163]⎯

 FAIL  src/tui/molecules/session-selector.test.ts > SessionSelector > draw() > should render a bordered box
AssertionError: expected false to be true // Object.is equality

- Expected
+ Received

- true
+ false

 ❯ src/tui/molecules/session-selector.test.ts:68:57
     66|       const result = selector.draw(defaultContext);
     67|       expect(result[0].startsWith('┌')).toBe(true);
     68|       expect(result[result.length - 1].startsWith('┘')).toBe(true);
       |                                                         ^
     69|     });
     70|

⎯⎯⎯⎯⎯⎯⎯⎯⎯⎯⎯⎯⎯⎯⎯⎯⎯⎯⎯⎯⎯[35/163]⎯

 FAIL  src/tui/molecules/session-selector.test.ts > SessionSelector > draw() > should limit visible sessions based on height
AssertionError: expected 5 to be less than or equal to 3
 ❯ src/tui/molecules/session-selector.test.ts:109:35
    107|       // Should only render a few sessions
    108|       const sessionLines = result.filter(l => l.includes('Sess'));
    109|       expect(sessionLines.length).toBeLessThanOrEqual(3);
       |                                   ^
    110|     });
    111|

⎯⎯⎯⎯⎯⎯⎯⎯⎯⎯⎯⎯⎯⎯⎯⎯⎯⎯⎯⎯⎯[36/163]⎯

 FAIL  src/tui/molecules/settings-list.test.ts > SettingsList > handleKey() > should call onClose on Escape
AssertionError: expected "vi.fn()" to be called at least once
 ❯ src/tui/molecules/settings-list.test.ts:108:23
    106|       settingsList['onClose'] = onClose;
    107|       settingsList.handleKey(createKeyEvent('001b', 'escape'));
    108|       expect(onClose).toHaveBeenCalled();
       |                       ^
    109|     });
    110|

⎯⎯⎯⎯⎯⎯⎯⎯⎯⎯⎯⎯⎯⎯⎯⎯⎯⎯⎯⎯⎯[37/163]⎯

 FAIL  src/tui/molecules/settings-list.test.ts > SettingsList > handleKey() > should move selection up
AssertionError: expected 2 to be 1 // Object.is equality

- Expected
+ Received

- 1
+ 2

 ❯ src/tui/molecules/settings-list.test.ts:114:45
    112|       settingsList['selectedIndex'] = 2;
    113|       settingsList.handleKey(createKeyEvent('001b[A', 'up'));
    114|       expect(settingsList['selectedIndex']).toBe(1);
       |                                             ^
    115|     });
    116|

⎯⎯⎯⎯⎯⎯⎯⎯⎯⎯⎯⎯⎯⎯⎯⎯⎯⎯⎯⎯⎯[38/163]⎯

 FAIL  src/tui/molecules/settings-list.test.ts > SettingsList > handleKey() > should move selection down
AssertionError: expected +0 to be 1 // Object.is equality

- Expected
+ Received

- 1
+ 0

 ❯ src/tui/molecules/settings-list.test.ts:119:45
    117|     it('should move selection down', () => {
    118|       settingsList.handleKey(createKeyEvent('001b[B', 'down'));
    119|       expect(settingsList['selectedIndex']).toBe(1);
       |                                             ^
    120|     });
    121|

⎯⎯⎯⎯⎯⎯⎯⎯⎯⎯⎯⎯⎯⎯⎯⎯⎯⎯⎯⎯⎯[39/163]⎯

 FAIL  src/tui/molecules/settings-list.test.ts > SettingsList > handleKey() > should wrap values when cycling at last value
AssertionError: expected "vi.fn()" to be called with arguments: [ 'images', 'true' ]

Received:

  1st vi.fn() call:

  [
-   "images",
-   "true",
+   "theme",
+   "light",
  ]


Number of calls: 1

 ❯ src/tui/molecules/settings-list.test.ts:140:24
    138|       settingsList['onChange'] = onChange;
    139|       settingsList.handleKey(createKeyEvent('\r', 'enter'));
    140|       expect(onChange).toHaveBeenCalledWith('images', 'true'); // wrap…
       |                        ^
    141|     });
    142|   });

⎯⎯⎯⎯⎯⎯⎯⎯⎯⎯⎯⎯⎯⎯⎯⎯⎯⎯⎯⎯⎯[40/163]⎯

 FAIL  src/tui/molecules/settings-list.test.ts > SettingsList > draw() > should show value in brackets with color
AssertionError: expected false to be true // Object.is equality

- Expected
+ Received

- true
+ false

 ❯ src/tui/molecules/settings-list.test.ts:162:60
    160|     it('should show value in brackets with color', () => {
    161|       const result = settingsList.draw(defaultContext);
    162|       expect(result.some(line => line.includes('[dark]'))).toBe(true);
       |                                                            ^
    163|     });
    164|

⎯⎯⎯⎯⎯⎯⎯⎯⎯⎯⎯⎯⎯⎯⎯⎯⎯⎯⎯⎯⎯[41/163]⎯

 FAIL  src/tui/molecules/settings-list.test.ts > SettingsList > draw() > should dim non-selected items
AssertionError: the given combination of arguments (undefined and string) is invalid for this assertion. You can use an array, a map, an object, a set, a string, or a weakset instead of a string
 ❯ src/tui/molecules/settings-list.test.ts:193:31
    191|       // Non-selected items should have dim (2m)
    192|       const nonSelectedLine = result.find(line => line.includes('Theme…
    193|       expect(nonSelectedLine).toContain('\x1b[2m');
       |                               ^
    194|     });
    195|

⎯⎯⎯⎯⎯⎯⎯⎯⎯⎯⎯⎯⎯⎯⎯⎯⎯⎯⎯⎯⎯[42/163]⎯

 FAIL  src/tui/molecules/settings-list.test.ts > SettingsList > draw() > should truncate long lines to width
ReferenceError: visibleWidth is not defined
 ❯ src/tui/molecules/settings-list.test.ts:202:9
    200|       const result = settingsList.draw({ ...defaultContext, width: 20 …
    201|       result.forEach(line => {
    202|         expect(visibleWidth(line)).toBeLessThanOrEqual(20);
       |         ^
    203|       });
    204|     });
 ❯ src/tui/molecules/settings-list.test.ts:201:14

⎯⎯⎯⎯⎯⎯⎯⎯⎯⎯⎯⎯⎯⎯⎯⎯⎯⎯⎯⎯⎯[43/163]⎯

 FAIL  src/tui/molecules/settings-list.test.ts > SettingsList > draw() > should respect custom theme.value
AssertionError: expected false to be true // Object.is equality

- Expected
+ Received

- true
+ false

 ❯ src/tui/molecules/settings-list.test.ts:220:63
    218|       });
    219|       const result = settingsList.draw(defaultContext);
    220|       expect(result.some(line => line.includes('\x1b[32m['))).toBe(tru…
       |                                                               ^
    221|     });
    222|   });

⎯⎯⎯⎯⎯⎯⎯⎯⎯⎯⎯⎯⎯⎯⎯⎯⎯⎯⎯⎯⎯[44/163]⎯

 FAIL  src/tui/molecules/settings-selector.test.ts > SettingsSelector > draw() > should render a bordered box
AssertionError: expected false to be true // Object.is equality

- Expected
+ Received

- true
+ false

 ❯ src/tui/molecules/settings-selector.test.ts:62:57
     60|       const result = selector.draw(defaultContext);
     61|       expect(result[0].startsWith('┌')).toBe(true);
     62|       expect(result[result.length - 1].startsWith('┘')).toBe(true);
       |                                                         ^
     63|     });
     64|

⎯⎯⎯⎯⎯⎯⎯⎯⎯⎯⎯⎯⎯⎯⎯⎯⎯⎯⎯⎯⎯[45/163]⎯

 FAIL  src/tui/molecules/settings-selector.test.ts > SettingsSelector > draw() > should limit visible items by height
AssertionError: expected 6 to be less than 5
 ❯ src/tui/molecules/settings-selector.test.ts:94:35
     92|       const result = selector.draw({ ...defaultContext, height: 10 });
     93|       const settingLines = result.filter(l => l.includes('S'));
     94|       expect(settingLines.length).toBeLessThan(5);
       |                                   ^
     95|     });
     96|   });

⎯⎯⎯⎯⎯⎯⎯⎯⎯⎯⎯⎯⎯⎯⎯⎯⎯⎯⎯⎯⎯[46/163]⎯

 FAIL  src/tui/molecules/split-pane.test.ts > SplitPane > draw() > should pad child lines appropriately
TypeError: Cannot read properties of undefined (reading 'match')
 ❯ src/tui/molecules/split-pane.test.ts:180:24
    178|       const result = split.draw(defaultContext);
    179|       // Each line should combine A + divider + B
    180|       result[0].should.match(/A.*┼.*B/);
       |                        ^
    181|     });
    182|

⎯⎯⎯⎯⎯⎯⎯⎯⎯⎯⎯⎯⎯⎯⎯⎯⎯⎯⎯⎯⎯[47/163]⎯

 FAIL  src/tui/molecules/split-pane.test.ts > SplitPane > handleKey() > should move divider right on ArrowRight
AssertionError: expected 40 to be 41 // Object.is equality

- Expected
+ Received

- 41
+ 40

 ❯ src/tui/molecules/split-pane.test.ts:203:33
    201|       const initial = split['position'];
    202|       split.handleKey(createKeyEvent('001b[C', 'right'));
    203|       expect(split['position']).toBe(initial + 1);
       |                                 ^
    204|     });
    205|

⎯⎯⎯⎯⎯⎯⎯⎯⎯⎯⎯⎯⎯⎯⎯⎯⎯⎯⎯⎯⎯[48/163]⎯

 FAIL  src/tui/molecules/split-pane.test.ts > SplitPane > handleKey() > should move divider left on ArrowLeft
AssertionError: expected 40 to be 39 // Object.is equality

- Expected
+ Received

- 39
+ 40

 ❯ src/tui/molecules/split-pane.test.ts:209:33
    207|       const initial = split['position'];
    208|       split.handleKey(createKeyEvent('001b[D', 'left'));
    209|       expect(split['position']).toBe(initial - 1);
       |                                 ^
    210|     });
    211|

⎯⎯⎯⎯⎯⎯⎯⎯⎯⎯⎯⎯⎯⎯⎯⎯⎯⎯⎯⎯⎯[49/163]⎯

 FAIL  src/tui/molecules/split-pane.test.ts > SplitPane > handleKey() > should move divider down on ArrowDown for vertical
AssertionError: expected 12 to be 13 // Object.is equality

- Expected
+ Received

- 13
+ 12

 ❯ src/tui/molecules/split-pane.test.ts:218:33
    216|       const initial = split['position'];
    217|       split.handleKey(createKeyEvent('001b[B', 'down'));
    218|       expect(split['position']).toBe(initial + 1);
       |                                 ^
    219|     });
    220|

⎯⎯⎯⎯⎯⎯⎯⎯⎯⎯⎯⎯⎯⎯⎯⎯⎯⎯⎯⎯⎯[50/163]⎯

 FAIL  src/tui/molecules/split-pane.test.ts > SplitPane > handleKey() > should move divider up on ArrowUp for vertical
AssertionError: expected 12 to be 11 // Object.is equality

- Expected
+ Received

- 11
+ 12

 ❯ src/tui/molecules/split-pane.test.ts:227:33
    225|       const initial = split['position'];
    226|       split.handleKey(createKeyEvent('001b[A', 'up'));
    227|       expect(split['position']).toBe(initial - 1);
       |                                 ^
    228|     });
    229|

⎯⎯⎯⎯⎯⎯⎯⎯⎯⎯⎯⎯⎯⎯⎯⎯⎯⎯⎯⎯⎯[51/163]⎯

 FAIL  src/tui/molecules/split-pane.test.ts > SplitPane > handleKey() > should clear caches on both children after move
AssertionError: expected "vi.fn()" to be called at least once
 ❯ src/tui/molecules/split-pane.test.ts:244:32
    242|     it('should clear caches on both children after move', () => {
    243|       split.handleKey(createKeyEvent('001b[C', 'right'));
    244|       expect(first.clearCache).toHaveBeenCalled();
       |                                ^
    245|       expect(second.clearCache).toHaveBeenCalled();
    246|     });

⎯⎯⎯⎯⎯⎯⎯⎯⎯⎯⎯⎯⎯⎯⎯⎯⎯⎯⎯⎯⎯[52/163]⎯

 FAIL  src/tui/molecules/tree-selector.test.ts > TreeSelector > buildVisibleList() > should flatten tree respecting expandedDirs
AssertionError: expected false to be true // Object.is equality

- Expected
+ Received

- true
+ false

 ❯ src/tui/molecules/tree-selector.test.ts:83:60
     81|       expect(nodes.some(n => n.node.name === 'root')).toBe(true);
     82|       expect(nodes.some(n => n.node.name === 'home')).toBe(true);
     83|       expect(nodes.some(n => n.node.name === 'file1.txt')).toBe(true);
       |                                                            ^
     84|       expect(nodes.some(n => n.node.name === 'docs')).toBe(true);
     85|       expect(nodes.some(n => n.node.name === 'readme.md' && n.node.pat…

⎯⎯⎯⎯⎯⎯⎯⎯⎯⎯⎯⎯⎯⎯⎯⎯⎯⎯⎯⎯⎯[53/163]⎯

 FAIL  src/tui/molecules/tree-selector.test.ts > TreeSelector > draw() > should indent children with spaces
AssertionError: the given combination of arguments (undefined and string) is invalid for this assertion. You can use an array, a map, an object, a set, a string, or a weakset instead of a string
 ❯ src/tui/molecules/tree-selector.test.ts:110:24
    108|       // home is depth 1, file1 is depth 2
    109|       const fileLine = result.find(l => l.includes('file1.txt'));
    110|       expect(fileLine).toContain('  ');
       |                        ^
    111|     });
    112|

⎯⎯⎯⎯⎯⎯⎯⎯⎯⎯⎯⎯⎯⎯⎯⎯⎯⎯⎯⎯⎯[54/163]⎯

 FAIL  src/tui/molecules/tree-selector.test.ts > TreeSelector > draw() > should show selected with ▶ prefix
AssertionError: expected undefined to be true // Object.is equality

- Expected:
true

+ Received:
undefined

 ❯ src/tui/molecules/tree-selector.test.ts:117:38
    115|       const result = selector.draw(defaultContext);
    116|       const line = result.find(l => l.includes('file1.txt'));
    117|       expect(line?.startsWith('│▶')).toBe(true);
       |                                      ^
    118|     });
    119|

⎯⎯⎯⎯⎯⎯⎯⎯⎯⎯⎯⎯⎯⎯⎯⎯⎯⎯⎯⎯⎯[55/163]⎯

 FAIL  src/tui/molecules/tree-selector.test.ts > TreeSelector > handleKey() > should call onSelect on Enter
AssertionError: expected "vi.fn()" to be called with arguments: [ { name: 'root', …(3) } ]

Number of calls: 0

 ❯ src/tui/molecules/tree-selector.test.ts:157:24
    155|     it('should call onSelect on Enter', () => {
    156|       selector.handleKey(createKeyEvent('\r'));
    157|       expect(onSelect).toHaveBeenCalledWith(selector['visibleNodes'][0…
       |                        ^
    158|     });
    159|

⎯⎯⎯⎯⎯⎯⎯⎯⎯⎯⎯⎯⎯⎯⎯⎯⎯⎯⎯⎯⎯[56/163]⎯

 FAIL  src/tui/molecules/tree-selector.test.ts > TreeSelector > handleKey() > should call onCancel on Escape
AssertionError: expected "vi.fn()" to be called at least once
 ❯ src/tui/molecules/tree-selector.test.ts:162:24
    160|     it('should call onCancel on Escape', () => {
    161|       selector.handleKey(createKeyEvent('\x1b'));
    162|       expect(onCancel).toHaveBeenCalled();
       |                        ^
    163|     });
    164|   });

⎯⎯⎯⎯⎯⎯⎯⎯⎯⎯⎯⎯⎯⎯⎯⎯⎯⎯⎯⎯⎯[57/163]⎯

 FAIL  src/tui/molecules/tree-selector.test.ts > TreeSelector > clearCache() > should clear any stored cache
AssertionError: expected [ 'test' ] to be undefined

- Expected:
undefined

+ Received:
[
  "test",
]

 ❯ src/tui/molecules/tree-selector.test.ts:171:33
    169|       selector['cache'] = ['test'];
    170|       selector.clearCache();
    171|       expect(selector['cache']).toBeUndefined();
       |                                 ^
    172|     });
    173|   });

⎯⎯⎯⎯⎯⎯⎯⎯⎯⎯⎯⎯⎯⎯⎯⎯⎯⎯⎯⎯⎯[58/163]⎯

 FAIL  src/tui/molecules/tree-selector.test.ts > TreeSelector > edge cases > should handle deep nesting
AssertionError: expected 2 to be greater than 5
 ❯ src/tui/molecules/tree-selector.test.ts:189:47
    187|       }
    188|       selector = new TreeSelector({ root: deep });
    189|       expect(selector['visibleNodes'].length).toBeGreaterThan(5);
       |                                               ^
    190|     });
    191|

⎯⎯⎯⎯⎯⎯⎯⎯⎯⎯⎯⎯⎯⎯⎯⎯⎯⎯⎯⎯⎯[59/163]⎯

 FAIL  src/tui/molecules/tree-view.test.ts > TreeView > recomputeVisible() > should recalculate depth correctly
AssertionError: expected undefined to be 1 // Object.is equality

- Expected:
1

+ Received:
undefined

 ❯ src/tui/molecules/tree-view.test.ts:141:30
    139|       expect(root1Node?.depth).toBe(1);
    140|       const subroot = treeView['visibleNodes'].find(v => v.node.id ===…
    141|       expect(subroot?.depth).toBe(1);
       |                              ^
    142|       if (subroot?.node.expanded) {
    143|         const grand = treeView['visibleNodes'].find(v => v.node.id ===…

⎯⎯⎯⎯⎯⎯⎯⎯⎯⎯⎯⎯⎯⎯⎯⎯⎯⎯⎯⎯⎯[60/163]⎯

 FAIL  src/tui/molecules/tree-view.test.ts > TreeView > adjustScroll() > should move scroll down when selectedIndex below viewport
AssertionError: expected 0 to be greater than 0
 ❯ src/tui/molecules/tree-view.test.ts:171:40
    169|       treeView['scrollOffset'] = 0;
    170|       treeView.adjustScroll();
    171|       expect(treeView['scrollOffset']).toBeGreaterThan(0);
       |                                        ^
    172|     });
    173|

⎯⎯⎯⎯⎯⎯⎯⎯⎯⎯⎯⎯⎯⎯⎯⎯⎯⎯⎯⎯⎯[61/163]⎯

 FAIL  src/tui/molecules/tree-view.test.ts > TreeView > handleKey() > should move selection down
AssertionError: expected 0 to be greater than 0
 ❯ src/tui/molecules/tree-view.test.ts:266:41
    264|     it('should move selection down', () => {
    265|       treeView.handleKey(createKeyEvent('001b[B', 'down'));
    266|       expect(treeView['selectedIndex']).toBeGreaterThan(0);
       |                                         ^
    267|     });
    268|

⎯⎯⎯⎯⎯⎯⎯⎯⎯⎯⎯⎯⎯⎯⎯⎯⎯⎯⎯⎯⎯[62/163]⎯

 FAIL  src/tui/molecules/tree-view.test.ts > TreeView > handleKey() > should page up
AssertionError: expected 5 to be less than 5
 ❯ src/tui/molecules/tree-view.test.ts:284:41
    282|       treeView['selectedIndex'] = 5;
    283|       treeView.handleKey(createKeyEvent('001b[5~', 'pageup'));
    284|       expect(treeView['selectedIndex']).toBeLessThan(5);
       |                                         ^
    285|     });
    286|

⎯⎯⎯⎯⎯⎯⎯⎯⎯⎯⎯⎯⎯⎯⎯⎯⎯⎯⎯⎯⎯[63/163]⎯

 FAIL  src/tui/molecules/tree-view.test.ts > TreeView > handleKey() > should page down
AssertionError: expected 0 to be greater than 0
 ❯ src/tui/molecules/tree-view.test.ts:290:41
    288|       treeView['selectedIndex'] = 0;
    289|       treeView.handleKey(createKeyEvent('001b[6~', 'pagedown'));
    290|       expect(treeView['selectedIndex']).toBeGreaterThan(0);
       |                                         ^
    291|     });
    292|

⎯⎯⎯⎯⎯⎯⎯⎯⎯⎯⎯⎯⎯⎯⎯⎯⎯⎯⎯⎯⎯[64/163]⎯

 FAIL  src/tui/molecules/tree-view.test.ts > TreeView > handleKey() > should expand with Right arrow if collapsed
AssertionError: expected false to be true // Object.is equality

- Expected
+ Received

- true
+ false

 ❯ src/tui/molecules/tree-view.test.ts:322:36
    320|       treeView = new TreeView({ data: treeData });
    321|       treeView.handleKey(createKeyEvent('001b[C', 'right'));
    322|       expect(treeData[0].expanded).toBe(true);
       |                                    ^
    323|     });
    324|

⎯⎯⎯⎯⎯⎯⎯⎯⎯⎯⎯⎯⎯⎯⎯⎯⎯⎯⎯⎯⎯[65/163]⎯

 FAIL  src/tui/molecules/tree-view.test.ts > TreeView > handleKey() > should collapse with Left arrow if expanded
AssertionError: expected true to be false // Object.is equality

- Expected
+ Received

- false
+ true

 ❯ src/tui/molecules/tree-view.test.ts:337:36
    335|       treeView = new TreeView({ data: treeData });
    336|       treeView.handleKey(createKeyEvent('001b[D', 'left'));
    337|       expect(treeData[0].expanded).toBe(false);
       |                                    ^
    338|     });
    339|

⎯⎯⎯⎯⎯⎯⎯⎯⎯⎯⎯⎯⎯⎯⎯⎯⎯⎯⎯⎯⎯[66/163]⎯

 FAIL  src/tui/molecules/tree-view.test.ts > TreeView > handleKey() > should move to parent with Left arrow if collapsed and has children
AssertionError: expected 1 to be less than 1
 ❯ src/tui/molecules/tree-view.test.ts:349:41
    347|       // Since child has no children, it should try to move to ancestor
    348|       // The visibleNodes[1] is child, depth=1. It should find closest…
    349|       expect(treeView['selectedIndex']).toBeLessThan(1);
       |                                         ^
    350|     });
    351|   });

⎯⎯⎯⎯⎯⎯⎯⎯⎯⎯⎯⎯⎯⎯⎯⎯⎯⎯⎯⎯⎯[67/163]⎯

 FAIL  src/tui/molecules/tree-view.test.ts > TreeView > serializeState() / deserializeState() > should deserialize and restore state
AssertionError: expected +0 to be 2 // Object.is equality

- Expected
+ Received

- 2
+ 0

 ❯ src/tui/molecules/tree-view.test.ts:375:40
    373|       treeView.deserializeState(state);
    374|       expect(treeView['selectedIndex']).toBe(1);
    375|       expect(treeView['scrollOffset']).toBe(2);
       |                                        ^
    376|       expect(treeData[0].expanded).toBe(true);
    377|       expect(treeData[1].expanded).toBe(true);

⎯⎯⎯⎯⎯⎯⎯⎯⎯⎯⎯⎯⎯⎯⎯⎯⎯⎯⎯⎯⎯[68/163]⎯

 FAIL  src/tui/molecules/tree-view.test.ts > TreeView > edge cases > should handle deep nesting
AssertionError: expected false to be true // Object.is equality

- Expected
+ Received

- true
+ false

 ❯ src/tui/molecules/tree-view.test.ts:412:70
    410|       deep.children[0].children[0].expanded = true;
    411|       treeView.recomputeVisible();
    412|       expect(treeView['visibleNodes'].some(v => v.node.id === 'l4')).t…
       |                                                                      ^
    413|     });
    414|

⎯⎯⎯⎯⎯⎯⎯⎯⎯⎯⎯⎯⎯⎯⎯⎯⎯⎯⎯⎯⎯[69/163]⎯

 FAIL  src/tui/organisms/context-menu.test.ts > ContextMenu > getSelectedItem() > should return null if selected item is disabled
AssertionError: expected { id: 'select-all', …(2) } to be null

- Expected:
null

+ Received:
{
  "id": "select-all",
  "label": "Select All",
  "shortcut": "Ctrl+A",
}

 ❯ src/tui/organisms/context-menu.test.ts:84:19
     82|       menu['selectedIndex'] = 3; // Delete is disabled
     83|       const sel = menu.getSelectedItem();
     84|       expect(sel).toBeNull();
       |                   ^
     85|     });
     86|   });

⎯⎯⎯⎯⎯⎯⎯⎯⎯⎯⎯⎯⎯⎯⎯⎯⎯⎯⎯⎯⎯[70/163]⎯

 FAIL  src/tui/organisms/context-menu.test.ts > ContextMenu > draw() > should render a bordered box
AssertionError: expected false to be true // Object.is equality

- Expected
+ Received

- true
+ false

 ❯ src/tui/organisms/context-menu.test.ts:109:41
    107|     it('should render a bordered box', () => {
    108|       const result = menu.draw(defaultContext);
    109|       expect(result[0].startsWith('┌')).toBe(true);
       |                                         ^
    110|       expect(result[result.length - 1].startsWith('┘')).toBe(true);
    111|     });

⎯⎯⎯⎯⎯⎯⎯⎯⎯⎯⎯⎯⎯⎯⎯⎯⎯⎯⎯⎯⎯[71/163]⎯

 FAIL  src/tui/organisms/context-menu.test.ts > ContextMenu > draw() > should apply custom theme
AssertionError: expected false to be true // Object.is equality

- Expected
+ Received

- true
+ false

 ❯ src/tui/organisms/context-menu.test.ts:134:56
    132|       menu = new ContextMenu({ items, theme: { bgColor: (s) => `\x1b[4…
    133|       const result = menu.draw(defaultContext);
    134|       expect(result.some(l => l.includes('\x1b[41m'))).toBe(true);
       |                                                        ^
    135|     });
    136|

⎯⎯⎯⎯⎯⎯⎯⎯⎯⎯⎯⎯⎯⎯⎯⎯⎯⎯⎯⎯⎯[72/163]⎯

 FAIL  src/tui/organisms/context-menu.test.ts > ContextMenu > draw() > should respect requested width
AssertionError: expected 39 to be less than or equal to 30
 ❯ src/tui/organisms/context-menu.test.ts:141:26
    139|       const result = menu.draw(defaultContext);
    140|       result.forEach(l => {
    141|         expect(l.length).toBeLessThanOrEqual(30);
       |                          ^
    142|       });
    143|     });
 ❯ src/tui/organisms/context-menu.test.ts:140:14

⎯⎯⎯⎯⎯⎯⎯⎯⎯⎯⎯⎯⎯⎯⎯⎯⎯⎯⎯⎯⎯[73/163]⎯

 FAIL  src/tui/organisms/context-menu.test.ts > ContextMenu > handleKey() > should move selection up/down
AssertionError: expected +0 to be 1 // Object.is equality

- Expected
+ Received

- 1
+ 0

 ❯ src/tui/organisms/context-menu.test.ts:166:37
    164|     it('should move selection up/down', () => {
    165|       menu.handleKey(createKeyEvent('down'));
    166|       expect(menu['selectedIndex']).toBe(1);
       |                                     ^
    167|     });
    168|

⎯⎯⎯⎯⎯⎯⎯⎯⎯⎯⎯⎯⎯⎯⎯⎯⎯⎯⎯⎯⎯[74/163]⎯

 FAIL  src/tui/organisms/context-menu.test.ts > ContextMenu > handleKey() > should not select disabled items on navigation? Actually it can select but getSelectedItem returns null
AssertionError: expected +0 to be 3 // Object.is equality

- Expected
+ Received

- 3
+ 0

 ❯ src/tui/organisms/context-menu.test.ts:173:37
    171|       menu.handleKey(createKeyEvent('down'));
    172|       menu.handleKey(createKeyEvent('down')); // to Delete (disabled)
    173|       expect(menu['selectedIndex']).toBe(3);
       |                                     ^
    174|       expect(menu.getSelectedItem()).toBeNull();
    175|     });

⎯⎯⎯⎯⎯⎯⎯⎯⎯⎯⎯⎯⎯⎯⎯⎯⎯⎯⎯⎯⎯[75/163]⎯

 FAIL  src/tui/organisms/context-menu.test.ts > ContextMenu > handleKey() > should call onSelect when pressing Enter on enabled item
AssertionError: expected "vi.fn()" to be called at least once
 ❯ src/tui/organisms/context-menu.test.ts:180:33
    178|       // First item has onSelect(fn)
    179|       menu.handleKey(createKeyEvent('\r'));
    180|       expect(items[0].onSelect).toHaveBeenCalled();
       |                                 ^
    181|     });
    182|

⎯⎯⎯⎯⎯⎯⎯⎯⎯⎯⎯⎯⎯⎯⎯⎯⎯⎯⎯⎯⎯[76/163]⎯

 FAIL  src/tui/organisms/context-menu.test.ts > ContextMenu > handleKey() > should call onClose on Escape
AssertionError: expected "vi.fn()" to be called at least once
 ❯ src/tui/organisms/context-menu.test.ts:185:23
    183|     it('should call onClose on Escape', () => {
    184|       menu.handleKey(createKeyEvent('\x1b'));
    185|       expect(onClose).toHaveBeenCalled();
       |                       ^
    186|     });
    187|

⎯⎯⎯⎯⎯⎯⎯⎯⎯⎯⎯⎯⎯⎯⎯⎯⎯⎯⎯⎯⎯[77/163]⎯

 FAIL  src/tui/organisms/context-menu.test.ts > ContextMenu > handleKey() > should skip disabled items when trying to select? Not required; but getSelectedItem returns null
TypeError: undefined is not a spy or a call to a spy!
 ❯ src/tui/organisms/context-menu.test.ts:192:37
    190|       menu['selectedIndex'] = 3;
    191|       menu.handleKey(createKeyEvent('\r'));
    192|       expect(items[3].onSelect).not.toHaveBeenCalled();
       |                                     ^
    193|     });
    194|   });

⎯⎯⎯⎯⎯⎯⎯⎯⎯⎯⎯⎯⎯⎯⎯⎯⎯⎯⎯⎯⎯[78/163]⎯

 FAIL  src/tui/organisms/context-menu.test.ts > ContextMenu > edge cases > should handle empty items array
AssertionError: expected false to be true // Object.is equality

- Expected
+ Received

- true
+ false

 ❯ src/tui/organisms/context-menu.test.ts:207:41
    205|       menu = new ContextMenu({ items: [] });
    206|       const result = menu.draw(defaultContext);
    207|       expect(result[0].startsWith('┌')).toBe(true);
       |                                         ^
    208|     });
    209|

⎯⎯⎯⎯⎯⎯⎯⎯⎯⎯⎯⎯⎯⎯⎯⎯⎯⎯⎯⎯⎯[79/163]⎯

 FAIL  src/tui/organisms/debug-panel.test.ts > DebugPanel > onRoundEvent() > should keep only last N rounds based on height
AssertionError: expected 20 to be less than 20
 ❯ src/tui/organisms/debug-panel.test.ts:72:44
     70|         });
     71|       }
     72|       expect(panel['roundMetrics'].length).toBeLessThan(20);
       |                                            ^
     73|     });
     74|   });

⎯⎯⎯⎯⎯⎯⎯⎯⎯⎯⎯⎯⎯⎯⎯⎯⎯⎯⎯⎯⎯[80/163]⎯

 FAIL  src/tui/organisms/debug-panel.test.ts > DebugPanel > draw() > should render a bordered box
AssertionError: expected false to be true // Object.is equality

- Expected
+ Received

- true
+ false

 ❯ src/tui/organisms/debug-panel.test.ts:117:57
    115|       const result = panel.draw(defaultContext);
    116|       expect(result[0].startsWith('┌')).toBe(true);
    117|       expect(result[result.length - 1].startsWith('┘')).toBe(true);
       |                                                         ^
    118|     });
    119|

⎯⎯⎯⎯⎯⎯⎯⎯⎯⎯⎯⎯⎯⎯⎯⎯⎯⎯⎯⎯⎯[81/163]⎯

 FAIL  src/tui/organisms/debug-panel.test.ts > DebugPanel > draw() > should show run metrics when showRun=true and data present
AssertionError: expected false to be true // Object.is equality

- Expected
+ Received

- true
+ false

 ❯ src/tui/organisms/debug-panel.test.ts:134:78
    132|       });
    133|       const result = panel.draw(defaultContext);
    134|       expect(result.some(l => l.includes('Total:') && l.includes('1.23…
       |                                                                              ^
    135|     });
    136|

⎯⎯⎯⎯⎯⎯⎯⎯⎯⎯⎯⎯⎯⎯⎯⎯⎯⎯⎯⎯⎯[82/163]⎯

 FAIL  src/tui/organisms/debug-panel.test.ts > DebugPanel > draw() > should respect width
AssertionError: expected 33 to be less than or equal to 20
 ❯ src/tui/organisms/debug-panel.test.ts:153:26
    151|       const result = panel.draw({ ...defaultContext, width: 20 });
    152|       result.forEach(l => {
    153|         expect(l.length).toBeLessThanOrEqual(20);
       |                          ^
    154|       });
    155|     });
 ❯ src/tui/organisms/debug-panel.test.ts:152:14

⎯⎯⎯⎯⎯⎯⎯⎯⎯⎯⎯⎯⎯⎯⎯⎯⎯⎯⎯⎯⎯[83/163]⎯

 FAIL  src/tui/organisms/debug-panel.test.ts > DebugPanel > edge cases > should handle zero width context
RangeError: Invalid count value: -2
 ❯ DebugPanel.draw src/tui/organisms/debug-panel.ts:86:22
     84|
     85|     // Border
     86|     const line = '─'.repeat(width - 2);
       |                      ^
     87|     lines.push('┌' + line + '┐');
     88|
 ❯ src/tui/organisms/debug-panel.test.ts:179:28

⎯⎯⎯⎯⎯⎯⎯⎯⎯⎯⎯⎯⎯⎯⎯⎯⎯⎯⎯⎯⎯[84/163]⎯

 FAIL  src/tui/organisms/editor.test.ts > Editor > handleKey() > should move cursor left with ArrowLeft
AssertionError: expected 6 to be 2 // Object.is equality

- Expected
+ Received

- 2
+ 6

 ❯ src/tui/organisms/editor.test.ts:126:38
    124|       editor.state.cursorCol = 3;
    125|       editor.handleKey(createKeyEvent('\x1b[D'));
    126|       expect(editor.state.cursorCol).toBe(2);
       |                                      ^
    127|     });
    128|

⎯⎯⎯⎯⎯⎯⎯⎯⎯⎯⎯⎯⎯⎯⎯⎯⎯⎯⎯⎯⎯[85/163]⎯

 FAIL  src/tui/organisms/editor.test.ts > Editor > handleKey() > should move cursor right with ArrowRight
AssertionError: expected 4 to be 2 // Object.is equality

- Expected
+ Received

- 2
+ 4

 ❯ src/tui/organisms/editor.test.ts:133:38
    131|       editor.state.cursorCol = 1;
    132|       editor.handleKey(createKeyEvent('\x1b[C'));
    133|       expect(editor.state.cursorCol).toBe(2);
       |                                      ^
    134|     });
    135|

⎯⎯⎯⎯⎯⎯⎯⎯⎯⎯⎯⎯⎯⎯⎯⎯⎯⎯⎯⎯⎯[86/163]⎯

 FAIL  src/tui/organisms/editor.test.ts > Editor > handleKey() > should handle backspace to delete before cursor
AssertionError: expected 'Hel\u007flo' to be 'Helo' // Object.is equality

Expected: "Helo"
Received: "Hello"

 ❯ src/tui/organisms/editor.test.ts:140:32
    138|       editor.state.cursorCol = 3;
    139|       editor.handleKey(createKeyEvent('\x7f'));
    140|       expect(editor.getText()).toBe('Helo');
       |                                ^
    141|       expect(editor.state.cursorCol).toBe(2);
    142|     });

⎯⎯⎯⎯⎯⎯⎯⎯⎯⎯⎯⎯⎯⎯⎯⎯⎯⎯⎯⎯⎯[87/163]⎯

 FAIL  src/tui/organisms/editor.test.ts > Editor > handleKey() > should handle delete to delete after cursor
AssertionError: expected 'He\u001b[3~llo' to be 'Helo' // Object.is equality

Expected: "Helo"
Received: "He[3~llo"

 ❯ src/tui/organisms/editor.test.ts:148:32
    146|       editor.state.cursorCol = 2;
    147|       editor.handleKey(createKeyEvent('\x1b[3~'));
    148|       expect(editor.getText()).toBe('Helo');
       |                                ^
    149|     });
    150|

⎯⎯⎯⎯⎯⎯⎯⎯⎯⎯⎯⎯⎯⎯⎯⎯⎯⎯⎯⎯⎯[88/163]⎯

 FAIL  src/tui/organisms/editor.test.ts > Editor > handleKey() > should insert newline with Enter
AssertionError: expected 'Line1\r' to be 'Line1\n' // Object.is equality

- Expected
+ Received

- Line1
-
+ Line1

 ❯ src/tui/organisms/editor.test.ts:155:32
    153|       editor.state.cursorCol = 5;
    154|       editor.handleKey(createKeyEvent('\r'));
    155|       expect(editor.getText()).toBe('Line1\n');
       |                                ^
    156|     });
    157|

⎯⎯⎯⎯⎯⎯⎯⎯⎯⎯⎯⎯⎯⎯⎯⎯⎯⎯⎯⎯⎯[89/163]⎯

 FAIL  src/tui/organisms/editor.test.ts > Editor > handleKey() > should handle Home/End
AssertionError: expected 8 to be +0 // Object.is equality

- Expected
+ Received

- 0
+ 8

 ❯ src/tui/organisms/editor.test.ts:163:38
    161|       editor.state.cursorCol = 5;
    162|       editor.handleKey(createKeyEvent('\x1b[H')); // Home
    163|       expect(editor.state.cursorCol).toBe(0);
       |                                      ^
    164|       editor.handleKey(createKeyEvent('\x1b[F')); // End
    165|       expect(editor.state.cursorCol).toBe(5);

⎯⎯⎯⎯⎯⎯⎯⎯⎯⎯⎯⎯⎯⎯⎯⎯⎯⎯⎯⎯⎯[90/163]⎯

 FAIL  src/tui/organisms/editor.test.ts > Editor > handleKey() > should call onSubmit when configured
AssertionError: expected "vi.fn()" to be called at least once
 ❯ src/tui/organisms/editor.test.ts:173:24
    171|       editor.isFocused = true;
    172|       editor.handleKey(createKeyEvent('\r'));
    173|       expect(onSubmit).toHaveBeenCalled();
       |                        ^
    174|     });
    175|

⎯⎯⎯⎯⎯⎯⎯⎯⎯⎯⎯⎯⎯⎯⎯⎯⎯⎯⎯⎯⎯[91/163]⎯

 FAIL  src/tui/organisms/editor.test.ts > Editor > handleKey() > should call onEscape when configured
AssertionError: expected "vi.fn()" to be called at least once
 ❯ src/tui/organisms/editor.test.ts:181:24
    179|       editor.isFocused = true;
    180|       editor.handleKey(createKeyEvent('\x1b'));
    181|       expect(onEscape).toHaveBeenCalled();
       |                        ^
    182|     });
    183|   });

⎯⎯⎯⎯⎯⎯⎯⎯⎯⎯⎯⎯⎯⎯⎯⎯⎯⎯⎯⎯⎯[92/163]⎯

 FAIL  src/tui/organisms/editor.test.ts > Editor > draw() > should render lines with cursor marker when focused
AssertionError: expected '\u001b[90m───────────────────────────…' to contain '\u001b_pi:c\u0007'

Expected: "_pi:c"
Received: "[90m────────────────────────────────────────────────────────────────────────────────[0m"

 ❯ src/tui/organisms/editor.test.ts:193:25
    191|       const result = editor.draw(defaultContext);
    192|       // Should contain CURSOR_MARKER at appropriate position in line 0
    193|       expect(result[0]).toContain('\x1b_pi:c\x07');
       |                         ^
    194|     });
    195|

⎯⎯⎯⎯⎯⎯⎯⎯⎯⎯⎯⎯⎯⎯⎯⎯⎯⎯⎯⎯⎯[93/163]⎯

 FAIL  src/tui/organisms/editor.test.ts > Editor > draw() > should apply scroll offset
AssertionError: expected 5 to be less than or equal to 2
 ❯ src/tui/organisms/editor.test.ts:207:29
    205|       editor['scrollOffset'] = 2;
    206|       const result = editor.draw({ ...defaultContext, height: 2 });
    207|       expect(result.length).toBeLessThanOrEqual(2);
       |                             ^
    208|     });
    209|   });

⎯⎯⎯⎯⎯⎯⎯⎯⎯⎯⎯⎯⎯⎯⎯⎯⎯⎯⎯⎯⎯[94/163]⎯

 FAIL  src/tui/organisms/login-dialog.test.ts > LoginDialog > draw() > should add cursor marker when focused and in input stage
AssertionError: expected false to be true // Object.is equality

- Expected
+ Received

- true
+ false

 ❯ src/tui/organisms/login-dialog.test.ts:119:67
    117|       dialog['stage'] = 'input';
    118|       const result = dialog.draw(defaultContext);
    119|       expect(result.some(line => line.includes('\x1b_pi:c\x07'))).toBe…
       |                                                                   ^
    120|     });
    121|

⎯⎯⎯⎯⎯⎯⎯⎯⎯⎯⎯⎯⎯⎯⎯⎯⎯⎯⎯⎯⎯[95/163]⎯

 FAIL  src/tui/organisms/login-dialog.test.ts > LoginDialog > handleKey() > should ignore non-printable keys in input stage
AssertionError: expected '\u0001' to be '' // Object.is equality

- Expected
+ Received

+ 

 ❯ src/tui/organisms/login-dialog.test.ts:177:34
    175|       dialog['stage'] = 'input';
    176|       dialog.handleKey(createKeyEvent('\x01')); // Ctrl+A
    177|       expect(dialog.getApiKey()).toBe('');
       |                                  ^
    178|     });
    179|

⎯⎯⎯⎯⎯⎯⎯⎯⎯⎯⎯⎯⎯⎯⎯⎯⎯⎯⎯⎯⎯[96/163]⎯

 FAIL  src/tui/organisms/login-dialog.test.ts > LoginDialog > edge cases > should handle unicode in apiKey
AssertionError: expected '' to be '😀' // Object.is equality

- Expected
+ Received

- 😀

 ❯ src/tui/organisms/login-dialog.test.ts:215:34
    213|       dialog['stage'] = 'input';
    214|       dialog.handleKey(createKeyEvent('😀'));
    215|       expect(dialog.getApiKey()).toBe('😀');
       |                                  ^
    216|     });
    217|

⎯⎯⎯⎯⎯⎯⎯⎯⎯⎯⎯⎯⎯⎯⎯⎯⎯⎯⎯⎯⎯[97/163]⎯

 FAIL  src/tui/organisms/login-dialog.test.ts > LoginDialog > edge cases > should handle narrow width
RangeError: Invalid count value: -4
 ❯ LoginDialog.draw src/tui/organisms/login-dialog.ts:65:43
     63|
     64|     const providerLabel = 'Provider: ' + this.provider;
     65|     lines.push('│ ' + providerLabel + ' '.repeat(borderWidth - provide…
       |                                           ^
     66|
     67|     lines.push('│' + ' '.repeat(borderWidth) + '│');
 ❯ src/tui/organisms/login-dialog.test.ts:220:29

⎯⎯⎯⎯⎯⎯⎯⎯⎯⎯⎯⎯⎯⎯⎯⎯⎯⎯⎯⎯⎯[98/163]⎯

 FAIL  src/tui/organisms/modal.test.ts > Modal > draw() > should render a bordered box
AssertionError: expected false to be true // Object.is equality

- Expected
+ Received

- true
+ false

 ❯ src/tui/organisms/modal.test.ts:106:41
    104|       const result = modal.draw(defaultContext);
    105|       expect(result.length).toBeGreaterThan(0);
    106|       expect(result[0].startsWith('┌')).toBe(true);
       |                                         ^
    107|       expect(result[result.length - 1].startsWith('└')).toBe(true);
    108|     });

⎯⎯⎯⎯⎯⎯⎯⎯⎯⎯⎯⎯⎯⎯⎯⎯⎯⎯⎯⎯⎯[99/163]⎯

 FAIL  src/tui/organisms/modal.test.ts > Modal > draw() > should highlight primary button
AssertionError: expected false to be true // Object.is equality

- Expected
+ Received

- true
+ false

 ❯ src/tui/organisms/modal.test.ts:129:67
    127|       const result = modal.draw(defaultContext);
    128|       // Primary button uses modalDefaultTheme.primaryButton which inc…
    129|       expect(result.some(line => line.includes('\x1b[48;5;33m'))).toBe…
       |                                                                   ^
    130|     });
    131|

⎯⎯⎯⎯⎯⎯⎯⎯⎯⎯⎯⎯⎯⎯⎯⎯⎯⎯⎯⎯[100/163]⎯

 FAIL  src/tui/organisms/modal.test.ts > Modal > draw() > should respect requested width
AssertionError: expected 85 to be less than or equal to 80
 ❯ src/tui/organisms/modal.test.ts:143:29
    141|       // All lines should be <= width (maybe less due to padding)
    142|       result.forEach(line => {
    143|         expect(line.length).toBeLessThanOrEqual(defaultContext.width);
       |                             ^
    144|       });
    145|     });
 ❯ src/tui/organisms/modal.test.ts:142:14

⎯⎯⎯⎯⎯⎯⎯⎯⎯⎯⎯⎯⎯⎯⎯⎯⎯⎯⎯⎯[101/163]⎯

 FAIL  src/tui/organisms/modal.test.ts > Modal > draw() > should wrap long message
AssertionError: expected 7 to be greater than 10
 ❯ src/tui/organisms/modal.test.ts:157:29
    155|       const result = modal.draw(defaultContext);
    156|       // Message should be wrapped into multiple lines
    157|       expect(result.length).toBeGreaterThan(10);
       |                             ^
    158|     });
    159|

⎯⎯⎯⎯⎯⎯⎯⎯⎯⎯⎯⎯⎯⎯⎯⎯⎯⎯⎯⎯[102/163]⎯

 FAIL  src/tui/organisms/modal.test.ts > Modal > handleKey() > should move selection left with Left arrow or 'h'
AssertionError: expected 1 to be +0 // Object.is equality

- Expected
+ Received

- 0
+ 1

 ❯ src/tui/organisms/modal.test.ts:183:38
    181|       modal['selectedIndex'] = 1;
    182|       modal.handleKey(createKeyEvent('001b[D', 'left'));
    183|       expect(modal['selectedIndex']).toBe(0);
       |                                      ^
    184|     });
    185|

⎯⎯⎯⎯⎯⎯⎯⎯⎯⎯⎯⎯⎯⎯⎯⎯⎯⎯⎯⎯[103/163]⎯

 FAIL  src/tui/organisms/modal.test.ts > Modal > handleKey() > should move selection right with Right arrow or 'l'
AssertionError: expected +0 to be 1 // Object.is equality

- Expected
+ Received

- 1
+ 0

 ❯ src/tui/organisms/modal.test.ts:188:38
    186|     it("should move selection right with Right arrow or 'l'", () => {
    187|       modal.handleKey(createKeyEvent('001b[C', 'right'));
    188|       expect(modal['selectedIndex']).toBe(1);
       |                                      ^
    189|     });
    190|

⎯⎯⎯⎯⎯⎯⎯⎯⎯⎯⎯⎯⎯⎯⎯⎯⎯⎯⎯⎯[104/163]⎯

 FAIL  src/tui/organisms/modal.test.ts > Modal > handleKey() > should confirm selection on Enter
AssertionError: expected "vi.fn()" to be called with arguments: [ 'ok' ]

Number of calls: 0

 ❯ src/tui/organisms/modal.test.ts:199:24
    197|     it('should confirm selection on Enter', () => {
    198|       modal.handleKey(createKeyEvent('\r', 'enter'));
    199|       expect(onResult).toHaveBeenCalledWith('ok');
       |                        ^
    200|     });
    201|

⎯⎯⎯⎯⎯⎯⎯⎯⎯⎯⎯⎯⎯⎯⎯⎯⎯⎯⎯⎯[105/163]⎯

 FAIL  src/tui/organisms/modal.test.ts > Modal > handleKey() > should call onCancel on Escape
AssertionError: expected "vi.fn()" to be called at least once
 ❯ src/tui/organisms/modal.test.ts:204:24
    202|     it('should call onCancel on Escape', () => {
    203|       modal.handleKey(createKeyEvent('001b', 'escape'));
    204|       expect(onCancel).toHaveBeenCalled();
       |                        ^
    205|     });
    206|

⎯⎯⎯⎯⎯⎯⎯⎯⎯⎯⎯⎯⎯⎯⎯⎯⎯⎯⎯⎯[106/163]⎯

 FAIL  src/tui/organisms/modal.test.ts > Modal > handleKey() > should call onCancel on ctrl+c?
AssertionError: expected "vi.fn()" to be called at least once
 ❯ src/tui/organisms/modal.test.ts:209:24
    207|     it('should call onCancel on ctrl+c?', () => {
    208|       modal.handleKey(createKeyEvent('\x03'));
    209|       expect(onCancel).toHaveBeenCalled();
       |                        ^
    210|     });
    211|

⎯⎯⎯⎯⎯⎯⎯⎯⎯⎯⎯⎯⎯⎯⎯⎯⎯⎯⎯⎯[107/163]⎯

 FAIL  src/tui/organisms/modal.test.ts > Modal > handleKey() > should trigger confirm on first button if Enter at index 0
AssertionError: expected "vi.fn()" to be called with arguments: [ 'cancel' ]

Number of calls: 0

 ❯ src/tui/organisms/modal.test.ts:215:24
    213|       modal['selectedIndex'] = 0;
    214|       modal.handleKey(createKeyEvent('\r', 'enter'));
    215|       expect(onResult).toHaveBeenCalledWith('cancel');
       |                        ^
    216|     });
    217|   });

⎯⎯⎯⎯⎯⎯⎯⎯⎯⎯⎯⎯⎯⎯⎯⎯⎯⎯⎯⎯[108/163]⎯

 FAIL  src/tui/organisms/modal.test.ts > Modal > confirm() > should call onResult with button value
AssertionError: expected "vi.fn()" to be called with arguments: [ 'cancel' ]

Number of calls: 0

 ❯ src/tui/organisms/modal.test.ts:236:24
    234|       modal['selectedIndex'] = 0;
    235|       modal['confirm']();
    236|       expect(onResult).toHaveBeenCalledWith('cancel');
       |                        ^
    237|     });
    238|

⎯⎯⎯⎯⎯⎯⎯⎯⎯⎯⎯⎯⎯⎯⎯⎯⎯⎯⎯⎯[109/163]⎯

 FAIL  src/tui/organisms/thinking-selector.test.ts > ThinkingSelector > handleKey() > should trigger onSelect through selectList
AssertionError: expected "vi.fn()" to be called with arguments: [ 'off' ]

Number of calls: 0

 ❯ src/tui/organisms/thinking-selector.test.ts:119:24
    117|       sl['selectedIndex'] = 0;
    118|       sl.handleKey?.(createKeyEvent('\r', 'enter'));
    119|       expect(onSelect).toHaveBeenCalledWith('off');
       |                        ^
    120|     });
    121|   });

⎯⎯⎯⎯⎯⎯⎯⎯⎯⎯⎯⎯⎯⎯⎯⎯⎯⎯⎯⎯[110/163]⎯

 FAIL  src/tui/atoms/auth-selector-status.test.ts > AuthSelectorStatus > draw() > should show email if provided
AssertionError: expected false to be true // Object.is equality

- Expected
+ Received

- true
+ false

 ❯ src/tui/atoms/auth-selector-status.test.ts:61:64
     59|       const auth = new AuthSelectorStatus({ statuses });
     60|       const result = auth.draw(defaultContext);
     61|       expect(result.some(l => l.includes('test@example.com'))).toBe(tr…
       |                                                                ^
     62|     });
     63|   });

⎯⎯⎯⎯⎯⎯⎯⎯⎯⎯⎯⎯⎯⎯⎯⎯⎯⎯⎯⎯[111/163]⎯

 FAIL  src/tui/atoms/autocomplete.test.ts > Autocomplete > FilePathAutocompleteProvider > should return empty if directory does not exist
TypeError: vi.mocked(...).mockRejectedValue is not a function
 ❯ src/tui/atoms/autocomplete.test.ts:91:46
     89|
     90|     it('should return empty if directory does not exist', async () => {
     91|       vi.mocked(require('fs').promises.stat).mockRejectedValue(new Err…
       |                                              ^
     92|       const result = await provider.complete({ query: '/nonexistent/',…
     93|       expect(result).toHaveLength(0);

⎯⎯⎯⎯⎯⎯⎯⎯⎯⎯⎯⎯⎯⎯⎯⎯⎯⎯⎯⎯[112/163]⎯

 FAIL  src/tui/atoms/autocomplete.test.ts > Autocomplete > FilePathAutocompleteProvider > should return files in directory if query ends with /
TypeError: vi.mocked(...).mockResolvedValue is not a function
 ❯ src/tui/atoms/autocomplete.test.ts:97:46
     95|
     96|     it('should return files in directory if query ends with /', async …
     97|       vi.mocked(require('fs').promises.stat).mockResolvedValue({ isDir…
       |                                              ^
     98|       vi.mocked(require('fs').promises.readdir).mockResolvedValue(['fi…
     99|       vi.mocked(require('path').dirname).mockReturnValue('/test');

⎯⎯⎯⎯⎯⎯⎯⎯⎯⎯⎯⎯⎯⎯⎯⎯⎯⎯⎯⎯[113/163]⎯

 FAIL  src/tui/atoms/bash-execution-message.test.ts > BashExecutionMessage > draw() > should show spinner when running
AssertionError: expected false to be true // Object.is equality

- Expected
+ Received

- true
+ false

 ❯ src/tui/atoms/bash-execution-message.test.ts:51:49
     49|       msg.appendOutput('output');
     50|       const result = msg.draw(defaultContext);
     51|       expect(result.some(l => l.includes('⠋'))).toBe(true); // spinner…
       |                                                 ^
     52|     });
     53|

⎯⎯⎯⎯⎯⎯⎯⎯⎯⎯⎯⎯⎯⎯⎯⎯⎯⎯⎯⎯[114/163]⎯

 FAIL  src/tui/atoms/bash-execution-message.test.ts > BashExecutionMessage > draw() > should show exit code when complete
AssertionError: expected false to be true // Object.is equality

- Expected
+ Received

- true
+ false

 ❯ src/tui/atoms/bash-execution-message.test.ts:58:54
     56|       msg.setComplete(0, false);
     57|       const result = msg.draw(defaultContext);
     58|       expect(result.some(l => l.includes('exit 0'))).toBe(true);
       |                                                      ^
     59|     });
     60|

⎯⎯⎯⎯⎯⎯⎯⎯⎯⎯⎯⎯⎯⎯⎯⎯⎯⎯⎯⎯[115/163]⎯

 FAIL  src/tui/atoms/bash-execution-message.test.ts > BashExecutionMessage > draw() > should indicate truncation if truncated
AssertionError: expected false to be true // Object.is equality

- Expected
+ Received

- true
+ false

 ❯ src/tui/atoms/bash-execution-message.test.ts:65:59
     63|       msg.setComplete(0, true);
     64|       const result = msg.draw(defaultContext);
     65|       expect(result.some(l => l.includes('(truncated)'))).toBe(true);
       |                                                           ^
     66|     });
     67|

⎯⎯⎯⎯⎯⎯⎯⎯⎯⎯⎯⎯⎯⎯⎯⎯⎯⎯⎯⎯[116/163]⎯

 FAIL  src/tui/atoms/bash-execution-message.test.ts > BashExecutionMessage > draw() > should pad lines to full width
AssertionError: expected 89 to be less than or equal to 80
 ❯ src/tui/atoms/bash-execution-message.test.ts:73:26
     71|       const result = msg.draw(defaultContext);
     72|       result.forEach(l => {
     73|         expect(l.length).toBeLessThanOrEqual(defaultContext.width);
       |                          ^
     74|       });
     75|     });
 ❯ src/tui/atoms/bash-execution-message.test.ts:72:14

⎯⎯⎯⎯⎯⎯⎯⎯⎯⎯⎯⎯⎯⎯⎯⎯⎯⎯⎯⎯[117/163]⎯

 FAIL  src/tui/atoms/custom-message.test.ts > CustomMessage > draw() > should handle array content with text type
AssertionError: expected false to be true // Object.is equality

- Expected
+ Received

- true
+ false

 ❯ src/tui/atoms/custom-message.test.ts:90:76
     88|       });
     89|       const result = msg.draw(defaultContext);
     90|       expect(result.some(l => l.includes('Hello') && l.includes('World…
       |                                                                            ^
     91|     });
     92|

⎯⎯⎯⎯⎯⎯⎯⎯⎯⎯⎯⎯⎯⎯⎯⎯⎯⎯⎯⎯[118/163]⎯

 FAIL  src/tui/atoms/diff.test.ts > parseDiffLine > should identify context lines
AssertionError: expected 'unchanged ' to be 'unchanged' // Object.is equality

Expected: "unchanged"
Received: "unchanged "

 ❯ src/tui/atoms/diff.test.ts:49:29
     47|     const result = parseDiffLine(' unchanged ');
     48|     expect(result?.type).toBe('context');
     49|     expect(result?.content).toBe('unchanged');
       |                             ^
     50|   });
     51|

⎯⎯⎯⎯⎯⎯⎯⎯⎯⎯⎯⎯⎯⎯⎯⎯⎯⎯⎯⎯[119/163]⎯

 FAIL  src/tui/atoms/diff.test.ts > Diff > should include line numbers when showLineNumbers true
AssertionError: expected '            0 \u001b[32madded\u001b[0m' to match /^\s*\d+\s+\d+/

- Expected:
/^\s*\d+\s+\d+/

+ Received:
"            0 [32madded[0m"

 ❯ src/tui/atoms/diff.test.ts:110:23
    108|     const result = diff.draw(defaultContext);
    109|     // prefix should contain numbers
    110|     expect(result[0]).toMatch(/^\s*\d+\s+\d+/);
       |                       ^
    111|   });
    112|

⎯⎯⎯⎯⎯⎯⎯⎯⎯⎯⎯⎯⎯⎯⎯⎯⎯⎯⎯⎯[120/163]⎯

 FAIL  src/tui/atoms/divider.test.ts > Divider > should respect width
AssertionError: expected 19 to be less than or equal to 10
 ❯ src/tui/atoms/divider.test.ts:29:30
     27|     const narrow = { ...defaultContext, width: 10 };
     28|     const result = divider.draw(narrow);
     29|     expect(result[0].length).toBeLessThanOrEqual(10);
       |                              ^
     30|   });
     31|

⎯⎯⎯⎯⎯⎯⎯⎯⎯⎯⎯⎯⎯⎯⎯⎯⎯⎯⎯⎯[121/163]⎯

 FAIL  src/tui/atoms/divider.test.ts > Divider > should accept custom character
AssertionError: expected '\u001b[90m───────────────────────────…' to contain '='

Expected: "="
Received: "[90m────────────────────────────────────────────────────────────────────────────────[0m"

 ❯ src/tui/atoms/divider.test.ts:35:23
     33|     const divider = new Divider({ char: '=' });
     34|     const result = divider.draw(defaultContext);
     35|     expect(result[0]).toContain('=');
       |                       ^
     36|   });
     37|

⎯⎯⎯⎯⎯⎯⎯⎯⎯⎯⎯⎯⎯⎯⎯⎯⎯⎯⎯⎯[122/163]⎯

 FAIL  src/tui/atoms/divider.test.ts > Divider > should render empty line when width=0
AssertionError: expected 9 to be +0 // Object.is equality

- Expected
+ Received

- 0
+ 9

 ❯ src/tui/atoms/divider.test.ts:42:30
     40|     const ctx = { ...defaultContext, width: 0 };
     41|     const result = divider.draw(ctx);
     42|     expect(result[0].length).toBe(0);
       |                              ^
     43|   });
     44| });

⎯⎯⎯⎯⎯⎯⎯⎯⎯⎯⎯⎯⎯⎯⎯⎯⎯⎯⎯⎯[123/163]⎯

 FAIL  src/tui/atoms/earendil-announcement.test.ts > EarendilAnnouncementComponent > should adjust width based on context
AssertionError: expected 58 to be less than or equal to 40
 ❯ src/tui/atoms/earendil-announcement.test.ts:29:24
     27|     const result = comp.draw({ ...defaultContext, width: 40 });
     28|     result.forEach(l => {
     29|       expect(l.length).toBeLessThanOrEqual(40);
       |                        ^
     30|     });
     31|   });
 ❯ src/tui/atoms/earendil-announcement.test.ts:28:12

⎯⎯⎯⎯⎯⎯⎯⎯⎯⎯⎯⎯⎯⎯⎯⎯⎯⎯⎯⎯[124/163]⎯

 FAIL  src/tui/atoms/flex.test.ts > Flex > draw() - row > should pad shorter children with empty lines
AssertionError: expected [ 'AB', 'C' ] to deeply equal [ 'AB', ' C' ]

- Expected
+ Received

  [
    "AB",
-   " C",
+   "C",
  ]

 ❯ src/tui/atoms/flex.test.ts:83:22


⎯⎯⎯⎯⎯⎯⎯⎯⎯⎯⎯⎯⎯⎯⎯⎯⎯⎯⎯⎯[125/163]⎯

 FAIL  src/tui/atoms/fuzzy.test.ts > fuzzyMatch > should match exact string
AssertionError: expected 0.5454545454545454 to be +0 // Object.is equality

- Expected
+ Received

- 0
+ 0.5454545454545454

 ❯ src/tui/atoms/fuzzy.test.ts:21:27
     19|     const result = fuzzyMatch('Hello World', 'Hello World');
     20|     expect(result).not.toBeNull();
     21|     expect(result?.score).toBe(0); // perfect
       |                           ^
     22|   });
     23|

⎯⎯⎯⎯⎯⎯⎯⎯⎯⎯⎯⎯⎯⎯⎯⎯⎯⎯⎯⎯[126/163]⎯

 FAIL  src/tui/atoms/fuzzy.test.ts > fuzzyMatch > should match subsequence
AssertionError: expected null not to be null
 ❯ src/tui/atoms/fuzzy.test.ts:26:24
     24|   it('should match subsequence', () => {
     25|     const result = fuzzyMatch('Hello World', 'hll');
     26|     expect(result).not.toBeNull();
       |                        ^
     27|     expect(result?.score).toBeGreaterThan(0);
     28|   });

⎯⎯⎯⎯⎯⎯⎯⎯⎯⎯⎯⎯⎯⎯⎯⎯⎯⎯⎯⎯[127/163]⎯

 FAIL  src/tui/atoms/fuzzy.test.ts > fuzzyMatch > should return matches indices
AssertionError: expected undefined to deeply equal [ +0, 2, 4 ]

- Expected:
[
  0,
  2,
  4,
]

+ Received:
undefined

 ❯ src/tui/atoms/fuzzy.test.ts:39:29
     37|   it('should return matches indices', () => {
     38|     const result = fuzzyMatch('abcde', 'ace');
     39|     expect(result?.matches).toEqual([0, 2, 4]);
       |                             ^
     40|   });
     41|

⎯⎯⎯⎯⎯⎯⎯⎯⎯⎯⎯⎯⎯⎯⎯⎯⎯⎯⎯⎯[128/163]⎯

 FAIL  src/tui/atoms/grid.test.ts > Grid > draw() > should arrange children in a single row for one column
AssertionError: expected [ …(2) ] to deeply equal [ 'A', 'B' ]

- Expected
+ Received

  [
-   "A",
-   "B",
+   "A                                                                               ",
+   "B                                                                               ",
  ]

 ❯ src/tui/atoms/grid.test.ts:58:22
     56|       grid.append(createChild(['B']));
     57|       const result = grid.draw(defaultContext);
     58|       expect(result).toEqual(['A', 'B']);
       |                      ^
     59|     });
     60|

⎯⎯⎯⎯⎯⎯⎯⎯⎯⎯⎯⎯⎯⎯⎯⎯⎯⎯⎯⎯[129/163]⎯

 FAIL  src/tui/atoms/grid.test.ts > Grid > draw() > should add row gap between rows
AssertionError: expected [ …(4) ] to deeply equal [ 'A', '', '', 'B' ]

- Expected
+ Received

  [
-   "A",
+   "A                                                                               ",
    "",
    "",
-   "B",
+   "B                                                                               ",
  ]

 ❯ src/tui/atoms/grid.test.ts:76:22
     74|       grid.append(createChild(['B']));
     75|       const result = grid.draw(defaultContext);
     76|       expect(result).toEqual(['A', '', '', 'B']); // rowgap=2 => two e…
       |                      ^
     77|     });
     78|

⎯⎯⎯⎯⎯⎯⎯⎯⎯⎯⎯⎯⎯⎯⎯⎯⎯⎯⎯⎯[130/163]⎯

 FAIL  src/tui/atoms/i18n.test.ts > I18n > register() > should add new locale
AssertionError: expected 'OK' to be 'D\'accord' // Object.is equality

Expected: "D'accord"
Received: "OK"

 ❯ src/tui/atoms/i18n.test.ts:27:38
     25|       const i18n = new I18n();
     26|       i18n.register('fr', { ok: 'D\'accord' });
     27|       expect(i18n.t('ok', {}, 'fr')).toBe('D\'accord');
       |                                      ^
     28|     });
     29|

⎯⎯⎯⎯⎯⎯⎯⎯⎯⎯⎯⎯⎯⎯⎯⎯⎯⎯⎯⎯[131/163]⎯

 FAIL  src/tui/atoms/i18n.test.ts > I18n > t() > should support positional arguments
AssertionError: expected 'greeting' to be 'Hello Alice, you have 5 messages' // Object.is equality

Expected: "Hello Alice, you have 5 messages"
Received: "greeting"

 ❯ src/tui/atoms/i18n.test.ts:69:22
     67|       i18n.register('test', { greeting: 'Hello {0}, you have {1} messa…
     68|       const result = i18n.t('greeting', 'Alice', 5, 'test');
     69|       expect(result).toBe('Hello Alice, you have 5 messages');
       |                      ^
     70|     });
     71|

⎯⎯⎯⎯⎯⎯⎯⎯⎯⎯⎯⎯⎯⎯⎯⎯⎯⎯⎯⎯[132/163]⎯

 FAIL  src/tui/atoms/index.test.ts > atoms/index.ts exports > should export Terminal interface
AssertionError: expected undefined to be defined
 ❯ src/tui/atoms/index.test.ts:21:28
     19|
     20|   it('should export Terminal interface', () => {
     21|     expect(Atoms.Terminal).toBeDefined();
       |                            ^
     22|   });
     23|

⎯⎯⎯⎯⎯⎯⎯⎯⎯⎯⎯⎯⎯⎯⎯⎯⎯⎯⎯⎯[133/163]⎯

 FAIL  src/tui/atoms/index.test.ts > atoms/index.ts exports > should export Input
AssertionError: expected undefined to be defined
 ❯ src/tui/atoms/index.test.ts:42:25
     40|
     41|   it('should export Input', () => {
     42|     expect(Atoms.Input).toBeDefined();
       |                         ^
     43|   });
     44| });

⎯⎯⎯⎯⎯⎯⎯⎯⎯⎯⎯⎯⎯⎯⎯⎯⎯⎯⎯⎯[134/163]⎯

 FAIL  src/tui/atoms/internal-utils.test.ts > internal-utils > visibleWidth > should handle multiple ANSI codes
AssertionError: expected 15 to be 12 // Object.is equality

- Expected
+ Received

- 12
+ 15

 ❯ src/tui/atoms/internal-utils.test.ts:78:31


⎯⎯⎯⎯⎯⎯⎯⎯⎯⎯⎯⎯⎯⎯⎯⎯⎯⎯⎯⎯[135/163]⎯

 FAIL  src/tui/atoms/internal-utils.test.ts > internal-utils > sliceByColumn > should extract substring by visible columns
AssertionError: expected 'llo' to be 'He' // Object.is equality

Expected: "He"
Received: "llo"

 ❯ src/tui/atoms/internal-utils.test.ts:138:45
    136|     it('should extract substring by visible columns', () => {
    137|       // Simple ASCII
    138|       expect(sliceByColumn('Hello', 2, 10)).toBe('He');
       |                                             ^
    139|     });
    140|

⎯⎯⎯⎯⎯⎯⎯⎯⎯⎯⎯⎯⎯⎯⎯⎯⎯⎯⎯⎯[136/163]⎯

 FAIL  src/tui/atoms/internal-utils.test.ts > internal-utils > sliceByColumn > should skip zero-width chars
AssertionError: expected 'a\u200c' to be 'ab' // Object.is equality

Expected: "ab"
Received: "a‌"

 ❯ src/tui/atoms/internal-utils.test.ts:143:38
    141|     it('should skip zero-width chars', () => {
    142|       const s = 'a\u200cb'; // a + ZWNJ + b
    143|       expect(sliceByColumn(s, 0, 2)).toBe('ab'); // ZWNJ is zero width…
       |                                      ^
    144|     });
    145|

⎯⎯⎯⎯⎯⎯⎯⎯⎯⎯⎯⎯⎯⎯⎯⎯⎯⎯⎯⎯[137/163]⎯

 FAIL  src/tui/atoms/keys.test.ts > parseKey > Ctrl+Letter > should not misinterpret other control codes
AssertionError: expected { raw: '\u0000', type: 'press', …(5) } to be null

- Expected:
null

+ Received:
{
  "alt": false,
  "ctrl": false,
  "meta": false,
  "name": " ",
  "raw": " ",
  "shift": false,
  "type": "press",
}

 ❯ src/tui/atoms/keys.test.ts:62:17
     60|       // e.g., \x00 (NUL) is ctrl+@? Not in our 1-26 range.
     61|       const k = parseKey('\x00');
     62|       expect(k).toBeNull();
       |                 ^
     63|     });
     64|   });

⎯⎯⎯⎯⎯⎯⎯⎯⎯⎯⎯⎯⎯⎯⎯⎯⎯⎯⎯⎯[138/163]⎯

 FAIL  src/tui/atoms/layout-inspector.test.ts > LayoutInspector > should truncate long stats lines
AssertionError: expected 11 to be less than or equal to 10
 ❯ src/tui/atoms/layout-inspector.test.ts:58:24
     56|     // All lines should be within width 10
     57|     result.forEach(l => {
     58|       expect(l.length).toBeLessThanOrEqual(10);
       |                        ^
     59|     });
     60|   });
 ❯ src/tui/atoms/layout-inspector.test.ts:57:12

⎯⎯⎯⎯⎯⎯⎯⎯⎯⎯⎯⎯⎯⎯⎯⎯⎯⎯⎯⎯[139/163]⎯

 FAIL  src/tui/atoms/markdown.test.ts > Markdown > draw() > should render italic text
AssertionError: expected false to be true // Object.is equality

- Expected
+ Received

- true
+ false

 ❯ src/tui/atoms/markdown.test.ts:73:55
     71|       const result = markdown.draw(defaultContext);
     72|       // italic uses dim (2)
     73|       expect(result.some(l => l.includes('\x1b[2m'))).toBe(true);
       |                                                       ^
     74|     });
     75|

⎯⎯⎯⎯⎯⎯⎯⎯⎯⎯⎯⎯⎯⎯⎯⎯⎯⎯⎯⎯[140/163]⎯

 FAIL  src/tui/atoms/markdown.test.ts > Markdown > draw() > should render code blocks with syntax highlighting
AssertionError: expected false to be true // Object.is equality

- Expected
+ Received

- true
+ false

 ❯ src/tui/atoms/markdown.test.ts:86:53
     84|       markdown = new Markdown('```js\nconst x = 1;\n```');
     85|       const result = markdown.draw(defaultContext);
     86|       expect(result.some(l => l.includes('const'))).toBe(true);
       |                                                     ^
     87|     });
     88|

⎯⎯⎯⎯⎯⎯⎯⎯⎯⎯⎯⎯⎯⎯⎯⎯⎯⎯⎯⎯[141/163]⎯

 FAIL  src/tui/atoms/progress-bar.test.ts > ProgressBar > draw() > should apply label color
AssertionError: expected '                     50% \u001b[32m██…' to contain '\u001b[33m'

Expected: "[33m"
Received: "                     50% [32m██████████[90m░░░░░░░░░░[0m                     "

 ❯ src/tui/atoms/progress-bar.test.ts:164:25
    162|       bar = new ProgressBar({ percent: 50, labelColor: '\x1b[33m' });
    163|       const result = bar.draw(defaultContext);
    164|       expect(result[0]).toContain('\x1b[33m');
       |                         ^
    165|     });
    166|

⎯⎯⎯⎯⎯⎯⎯⎯⎯⎯⎯⎯⎯⎯⎯⎯⎯⎯⎯⎯[142/163]⎯

 FAIL  src/tui/atoms/progress-bar.test.ts > ProgressBar > draw() > should reset color at end
AssertionError: expected '                     50% \u001b[32m██…' to match /\\x1b\[0m$/

- Expected:
/\\x1b\[0m$/

+ Received:
"                     50% [32m██████████[90m░░░░░░░░░░[0m                     "

 ❯ src/tui/atoms/progress-bar.test.ts:170:25
    168|       bar = new ProgressBar({ percent: 50 });
    169|       const result = bar.draw(defaultContext);
    170|       expect(result[0]).toMatch(/\\x1b\[0m$/);
       |                         ^
    171|     });
    172|

⎯⎯⎯⎯⎯⎯⎯⎯⎯⎯⎯⎯⎯⎯⎯⎯⎯⎯⎯⎯[143/163]⎯

 FAIL  src/tui/atoms/skill-invocation-message.test.ts > SkillInvocationMessage > draw() > should render bordered box
AssertionError: expected false to be true // Object.is equality

- Expected
+ Received

- true
+ false

 ❯ src/tui/atoms/skill-invocation-message.test.ts:30:57
     28|       const result = msg.draw(defaultContext);
     29|       expect(result[0].startsWith('┌')).toBe(true);
     30|       expect(result[result.length - 1].startsWith('┘')).toBe(true);
       |                                                         ^
     31|     });
     32|

⎯⎯⎯⎯⎯⎯⎯⎯⎯⎯⎯⎯⎯⎯⎯⎯⎯⎯⎯⎯[144/163]⎯

 FAIL  src/tui/atoms/stdin-buffer.test.ts > stdin-buffer > StdinBuffer class > should flush buffer on timeout
AssertionError: expected "vi.fn()" to be called with arguments: [ 'abc' ]

Received:

  1st vi.fn() call:

  [
-   "abc",
+   "a",
  ]

  2nd vi.fn() call:

  [
-   "abc",
+   "b",
  ]

  3rd vi.fn() call:

  [
-   "abc",
+   "c",
  ]


Number of calls: 3

 ❯ src/tui/atoms/stdin-buffer.test.ts:74:22
     72|       vi.useFakeTimers();
     73|       vi.advanceTimersByTime(20);
     74|       expect(onData).toHaveBeenCalledWith('abc');
       |                      ^
     75|       vi.useRealTimers();
     76|     });

⎯⎯⎯⎯⎯⎯⎯⎯⎯⎯⎯⎯⎯⎯⎯⎯⎯⎯⎯⎯[145/163]⎯

 FAIL  src/tui/atoms/stdin-buffer.test.ts > stdin-buffer > StdinBuffer class > should clear buffer on destroy
AssertionError: expected "vi.fn()" to be called 1 times, but got 3 times
 ❯ src/tui/atoms/stdin-buffer.test.ts:83:22
     81|       // After destroy, further processing should not emit
     82|       buffer.process('xyz');
     83|       expect(onData).toHaveBeenCalledTimes(1); // only flush once befo…
       |                      ^
     84|     });
     85|   });

⎯⎯⎯⎯⎯⎯⎯⎯⎯⎯⎯⎯⎯⎯⎯⎯⎯⎯⎯⎯[146/163]⎯

 FAIL  src/tui/atoms/stepper.test.ts > Stepper > edge cases > should handle empty steps
AssertionError: expected [ '' ] to deeply equal []

- Expected
+ Received

- []
+ [
+   "",
+ ]

 ❯ src/tui/atoms/stepper.test.ts:138:44
    136|     it('should handle empty steps', () => {
    137|       const stepper = new Stepper({ steps: [], currentStep: 0 });
    138|       expect(stepper.draw(defaultContext)).toEqual([]);
       |                                            ^
    139|     });
    140|   });

⎯⎯⎯⎯⎯⎯⎯⎯⎯⎯⎯⎯⎯⎯⎯⎯⎯⎯⎯⎯[147/163]⎯

 FAIL  src/tui/atoms/table.test.ts > Table > draw() > should render rows with aligned columns
AssertionError: expected 'A   BB' to be 'A  BB' // Object.is equality

Expected: "A  BB"
Received: "A   BB"

 ❯ src/tui/atoms/table.test.ts:35:25
     33|       // Determine expected column widths: col0 max(1,3)=3, col1 max(2…
     34|       // So rows should be: 'A  BB' (A padded to 3) then 'CCC DD' (CCC…
     35|       expect(result[0]).toBe('A  BB'); // A + 2 spaces = 3 cols? Actua…
       |                         ^
     36|       expect(result[1]).toBe('CCC DD');
     37|     });

⎯⎯⎯⎯⎯⎯⎯⎯⎯⎯⎯⎯⎯⎯⎯⎯⎯⎯⎯⎯[148/163]⎯

 FAIL  src/tui/atoms/table.test.ts > Table > draw() > should include headers if provided
AssertionError: expected 'Name  Age' to be 'Name Age' // Object.is equality

Expected: "Name Age"
Received: "Name  Age"

 ❯ src/tui/atoms/table.test.ts:42:25


⎯⎯⎯⎯⎯⎯⎯⎯⎯⎯⎯⎯⎯⎯⎯⎯⎯⎯⎯⎯[149/163]⎯

 FAIL  src/tui/atoms/terminal-image.test.ts > terminal-image > getCapabilities() > should detect Kitty terminal
AssertionError: expected null to be 'kitty' // Object.is equality

- Expected:
"kitty"

+ Received:
null

 ❯ src/tui/atoms/terminal-image.test.ts:34:27
     32|       vi.stubEnv('KITTY_WINDOW_ID', '123');
     33|       const caps = getCapabilities();
     34|       expect(caps.images).toBe('kitty');
       |                           ^
     35|     });
     36|

⎯⎯⎯⎯⎯⎯⎯⎯⎯⎯⎯⎯⎯⎯⎯⎯⎯⎯⎯⎯[150/163]⎯

 FAIL  src/tui/atoms/terminal-image.test.ts > terminal-image > getCapabilities() > should detect iTerm2
AssertionError: expected null to be 'iterm2' // Object.is equality

- Expected:
"iterm2"

+ Received:
null

 ❯ src/tui/atoms/terminal-image.test.ts:40:27
     38|       vi.stubEnv('ITERM_SESSION_ID', '456');
     39|       const caps = getCapabilities();
     40|       expect(caps.images).toBe('iterm2');
       |                           ^
     41|     });
     42|

⎯⎯⎯⎯⎯⎯⎯⎯⎯⎯⎯⎯⎯⎯⎯⎯⎯⎯⎯⎯[151/163]⎯

 FAIL  src/tui/atoms/terminal-image.test.ts > terminal-image > getCapabilities() > should detect WezTerm
AssertionError: expected null to be 'kitty' // Object.is equality

- Expected:
"kitty"

+ Received:
null

 ❯ src/tui/atoms/terminal-image.test.ts:46:27
     44|       vi.stubEnv('WEZTERM_PANE', '123');
     45|       const caps = getCapabilities();
     46|       expect(caps.images).toBe('kitty'); // wezterm uses kitty protocol
       |                           ^
     47|     });
     48|

⎯⎯⎯⎯⎯⎯⎯⎯⎯⎯⎯⎯⎯⎯⎯⎯⎯⎯⎯⎯[152/163]⎯

 FAIL  src/tui/atoms/terminal-image.test.ts > terminal-image > getCapabilities() > should cache capabilities
AssertionError: expected { Object (images, trueColor, ...) } to be { Object (images, trueColor, ...) } // Object.is equality

If it should pass with deep equality, replace "toBe" with "toStrictEqual"

Expected: { Object (images, trueColor, ...) }
Received: serializes to the same string


Compared values have no visual difference.

 ❯ src/tui/atoms/terminal-image.test.ts:58:21
     56|       const caps1 = getCapabilities();
     57|       const caps2 = getCapabilities();
     58|       expect(caps1).toBe(caps2); // same object reference (we return c…
       |                     ^
     59|     });
     60|

⎯⎯⎯⎯⎯⎯⎯⎯⎯⎯⎯⎯⎯⎯⎯⎯⎯⎯⎯⎯[153/163]⎯

 FAIL  src/tui/atoms/terminal-image.test.ts > terminal-image > getCapabilities() > should reset cache on resetCapabilitiesCache
ReferenceError: resetCapabilitiesCache is not defined
 ❯ src/tui/atoms/terminal-image.test.ts:65:7
     63|       setCapabilities({ images: 'kitty', trueColor: true, hyperlinks: …
     64|       getCapabilities(); // returns overridden
     65|       resetCapabilitiesCache();
       |       ^
     66|       const caps = getCapabilities();
     67|       expect(caps.images).not.toBe('kitty');

⎯⎯⎯⎯⎯⎯⎯⎯⎯⎯⎯⎯⎯⎯⎯⎯⎯⎯⎯⎯[154/163]⎯

 FAIL  src/tui/atoms/terminal.test.ts > ProcessTerminal > moveTo() > should write correct escape sequence
AssertionError: expected "vi.fn()" to be called with arguments: [ '\u001b[6;11H' ]

Received:

  1st vi.fn() call:

  [
-   "[6;11H",
+   "[5;10H",
  ]


Number of calls: 1

 ❯ src/tui/atoms/terminal.test.ts:133:32
    131|     it('should write correct escape sequence', () => {
    132|       term.moveTo(5, 10);
    133|       expect(mockStdout.write).toHaveBeenCalledWith('\x1b[6;11H');
       |                                ^
    134|     });
    135|   });

⎯⎯⎯⎯⎯⎯⎯⎯⎯⎯⎯⎯⎯⎯⎯⎯⎯⎯⎯⎯[155/163]⎯

 FAIL  src/tui/atoms/terminal.test.ts > ProcessTerminal > clearFromCursor() > should write clear from cursor escape
AssertionError: expected "vi.fn()" to be called with arguments: [ '\u001b[0J' ]

Received:

  1st vi.fn() call:

  [
-   "[0J",
+   "[J",
  ]


Number of calls: 1

 ❯ src/tui/atoms/terminal.test.ts:159:32
    157|     it('should write clear from cursor escape', () => {
    158|       term.clearFromCursor();
    159|       expect(mockStdout.write).toHaveBeenCalledWith('\x1b[0J');
       |                                ^
    160|     });
    161|   });

⎯⎯⎯⎯⎯⎯⎯⎯⎯⎯⎯⎯⎯⎯⎯⎯⎯⎯⎯⎯[156/163]⎯

 FAIL  src/tui/atoms/terminal.test.ts > ProcessTerminal > queryCellSize() > should send query and return promise
AssertionError: expected { width: 9, height: 18 } to deeply equal { width: 80, height: 24 }

- Expected
+ Received

  {
-   "height": 24,
-   "width": 80,
+   "height": 18,
+   "width": 9,
  }

 ❯ src/tui/atoms/terminal.test.ts:200:22
    198|       term['stdinBuffer']?.emit('data', '\x1b[6;24;80t');
    199|       const result = await promise;
    200|       expect(result).toEqual({ width: 80, height: 24 });
       |                      ^
    201|     });
    202|

⎯⎯⎯⎯⎯⎯⎯⎯⎯⎯⎯⎯⎯⎯⎯⎯⎯⎯⎯⎯[157/163]⎯

 FAIL  src/tui/atoms/terminal.test.ts > ProcessTerminal > queryCellSize() > should reject on invalid response
AssertionError: promise resolved "{ width: 9, height: 18 }" instead of rejecting

- Expected
+ Received

- Error {
-   "message": "rejected promise",
+ {
+   "height": 18,
+   "width": 9,
  }

 ❯ src/tui/atoms/terminal.test.ts:207:27
    205|       const promise = term.queryCellSize();
    206|       term['stdinBuffer']?.emit('data', 'invalid');
    207|       await expect(promise).rejects.toThrow();
       |                           ^
    208|     });
    209|   });

⎯⎯⎯⎯⎯⎯⎯⎯⎯⎯⎯⎯⎯⎯⎯⎯⎯⎯⎯⎯[158/163]⎯

 FAIL  src/tui/atoms/terminal.test.ts > ProcessTerminal > stop() > should destroy stdin buffer
AssertionError: expected "vi.fn()" to be called at least once
 ❯ src/tui/atoms/terminal.test.ts:253:33
    251|       term.start(onInput, onResize);
    252|       term.stop();
    253|       expect(mockStdin.destroy).toHaveBeenCalled();
       |                                 ^
    254|     });
    255|

⎯⎯⎯⎯⎯⎯⎯⎯⎯⎯⎯⎯⎯⎯⎯⎯⎯⎯⎯⎯[159/163]⎯

 FAIL  src/tui/atoms/terminal.test.ts > ProcessTerminal > edge cases > should handle large terminal dimensions
TypeError: Cannot set property columns of #<Object> which has only a getter
 ❯ src/tui/atoms/terminal.test.ts:283:18
    281|
    282|     it('should handle large terminal dimensions', () => {
    283|       mockStdout.columns = 200;
       |                  ^
    284|       mockStdout.rows = 50;
    285|       expect(term.columns).toBe(200);

⎯⎯⎯⎯⎯⎯⎯⎯⎯⎯⎯⎯⎯⎯⎯⎯⎯⎯⎯⎯[160/163]⎯

 FAIL  src/tui/atoms/terminal.test.ts > ProcessTerminal > edge cases > should handle empty writes
AssertionError: expected "vi.fn()" to not be called at all, but actually been called 1 times

Received:

  1st vi.fn() call:

    Array [
      "",
    ]


Number of calls: 1

 ❯ src/tui/atoms/terminal.test.ts:300:36
    298|     it('should handle empty writes', () => {
    299|       term.write('');
    300|       expect(mockStdout.write).not.toHaveBeenCalled();
       |                                    ^
    301|     });
    302|   });

⎯⎯⎯⎯⎯⎯⎯⎯⎯⎯⎯⎯⎯⎯⎯⎯⎯⎯⎯⎯[161/163]⎯

 FAIL  src/tui/atoms/text.test.ts > Text > draw() > should handle zero width gracefully
AssertionError: expected 5 to be +0 // Object.is equality

- Expected
+ Received

- 0
+ 5

 ❯ src/tui/atoms/text.test.ts:78:23
     76|       // With zero width, visible content may be empty
     77|       const visible = visibleWidth(result[0]);
     78|       expect(visible).toBe(0);
       |                       ^
     79|     });
     80|

⎯⎯⎯⎯⎯⎯⎯⎯⎯⎯⎯⎯⎯⎯⎯⎯⎯⎯⎯⎯[162/163]⎯

 FAIL  src/tui/atoms/text.test.ts > Text > draw() > should combine multiple styles
AssertionError: expected '\u001b[32;1;4mStyled\u001b[0m' to contain '\u001b[1;32;4m'

Expected: "[1;32;4m"
Received: "[32;1;4mStyled[0m"

 ❯ src/tui/atoms/text.test.ts:169:20
    167|       const result = text.draw(defaultContext);
    168|       const line = result[0];
    169|       expect(line).toContain('\x1b[1;32;4m');
       |                    ^
    170|       expect(line).toContain('\x1b[0m');
    171|     });

⎯⎯⎯⎯⎯⎯⎯⎯⎯⎯⎯⎯⎯⎯⎯⎯⎯⎯⎯⎯[163/163]⎯

⎯⎯⎯⎯⎯⎯ Unhandled Errors ⎯⎯⎯⎯⎯⎯

Vitest caught 1 unhandled error during the test run.
This might cause false positive tests. Resolve unhandled errors to make sure your tests are not affected.

⎯⎯⎯⎯⎯⎯ Unhandled Error ⎯⎯⎯⎯⎯⎯⎯
Error: [vitest-pool]: Worker forks emitted error.
 ❯ EventEmitter.<anonymous> ../../node_modules/vitest/dist/chunks/cli-api.Cjt90eJu.js:3445:22
 ❯ EventEmitter.emit node:events:508:28
 ❯ ChildProcess.emitUnexpectedExit ../../node_modules/vitest/dist/chunks/cli-api.Cjt90eJu.js:3012:22
 ❯ ChildProcess.emit node:events:508:28
 ❯ Process.ChildProcess._handle.onexit node:internal/child_process:294:12

Caused by: Error: Worker exited unexpectedly
 ❯ ChildProcess.emitUnexpectedExit ../../node_modules/vitest/dist/chunks/cli-api.Cjt90eJu.js:3011:33
 ❯ ChildProcess.emit node:events:508:28
 ❯ Process.ChildProcess._handle.onexit node:internal/child_process:294:12

⎯⎯⎯⎯⎯⎯⎯⎯⎯⎯⎯⎯⎯⎯⎯⎯⎯⎯⎯⎯⎯⎯⎯⎯⎯⎯⎯⎯⎯⎯


 Test Files  48 failed | 64 passed (113)
      Tests  163 failed | 1524 passed (1695)
     Errors  1 error
   Start at  17:08:35
   Duration  6.96s (transform 6.33s, setup 0ms, import 13.14s, tests 4.40s, environment 21ms)

